[2026-06-12 12:26:42] [INFO] [upload] 收到上传图片: Figura Services-80037727(Figura Services#2024-25秋冬#伦敦#皮衣).jpg (313877 bytes)
[2026-06-12 12:26:48] [INFO] [upload] 收到上传图片: Figura Services-80037732(Figura Services#2024-25秋冬#伦敦#夹克).jpg (270662 bytes)
[2026-06-12 12:26:51] [INFO] [upload] 收到上传图片: Figura Services-80037736(Figura Services#2024-25秋冬#伦敦#夹克).jpg (224382 bytes)
[2026-06-12 12:26:55] [INFO] [upload] 收到上传图片: Figura Services-80037736(Figura Services#2024-25秋冬#伦敦#夹克)_1.jpg (229578 bytes)
[2026-06-12 12:26:57] [INFO] [upload] 收到上传图片: Figura Services-80037727(Figura Services#2024-25秋冬#伦敦#皮衣).jpg (313877 bytes)
[2026-06-12 12:34:13] [INFO] [upload] 收到上传图片: Figura Services-80037727(Figura Services#2024-25秋冬#伦敦#皮衣)_1.jpg (306009 bytes)
[2026-06-12 12:34:34] [INFO] [upload] 收到上传图片: Figura Services-80037732(Figura Services#2024-25秋冬#伦敦#夹克).jpg (270662 bytes)
[2026-06-12 12:42:29] [INFO] [upload] 收到上传图片: Figura Services-80037727(Figura Services#2024-25秋冬#伦敦#皮衣)_1.jpg (306009 bytes)
[2026-06-12 12:44:12] [INFO] [upload] 收到上传图片: Figura Services-80037732(Figura Services#2024-25秋冬#伦敦#夹克).jpg (270662 bytes)
[2026-06-12 12:44:37] [INFO] [upload] 收到上传图片: Figura Services-80037727(Figura Services#2024-25秋冬#伦敦#皮衣)_1.jpg (306009 bytes)
[2026-06-12 13:03:18] [INFO] [upload] 收到上传图片: Figura Services-80037727(Figura Services#2024-25秋冬#伦敦#皮衣)_1.jpg (306009 bytes)
[2026-06-12 13:09:20] [INFO] [upload] 收到上传图片: Figura Services-80037727(Figura Services#2024-25秋冬#伦敦#皮衣).jpg (313877 bytes)
[2026-06-12 13:16:01] [INFO] [upload] 收到上传图片: Figura Services-80037727(Figura Services#2024-25秋冬#伦敦#皮衣)_1.jpg (306009 bytes)
[2026-06-12 13:16:54] [INFO] [upload] 收到上传图片: Figura Services-80037727(Figura Services#2024-25秋冬#伦敦#皮衣)_1.jpg (306009 bytes)
[2026-06-12 13:22:37] [INFO] [upload] 收到上传图片: Figura Services-80037727(Figura Services#2024-25秋冬#伦敦#皮衣).jpg (313877 bytes)
[2026-06-12 13:23:25] [INFO] [upload] 收到上传图片: Figura Services-80037727(Figura Services#2024-25秋冬#伦敦#皮衣)_1.jpg (306009 bytes)
[2026-06-12 13:33:37] [INFO] [upload] 收到上传图片: Figura Services-80037727(Figura Services#2024-25秋冬#伦敦#皮衣).jpg (313877 bytes)
[2026-06-12 13:35:42] [INFO] [upload] 收到上传图片: Figura Services-80037714(Figura Services#2024-25秋冬#伦敦#皮草).jpg (356377 bytes)
[2026-06-12 13:47:11] [INFO] [upload] 收到上传图片: Figura Services-80037727(Figura Services#2024-25秋冬#伦敦#皮衣).jpg (313877 bytes)
[2026-06-12 13:47:54] [INFO] [upload] 收到上传图片: Figura Services-80037727(Figura Services#2024-25秋冬#伦敦#皮衣)_1.jpg (306009 bytes)
[2026-06-12 13:49:34] [INFO] [upload] 收到上传图片: Figura Services-80037732(Figura Services#2024-25秋冬#伦敦#夹克).jpg (270662 bytes)
[2026-06-12 14:28:10] [INFO] [upload] 收到上传图片: Figura Services-80037727(Figura Services#2024-25秋冬#伦敦#皮衣).jpg (313877 bytes)
[2026-06-12 15:52:39] [INFO] [upload] 收到上传图片: 灵感创款.png (51995 bytes)
[2026-06-12 16:00:35] [INFO] [upload] 收到上传图片: 算力明细 (1).png (138430 bytes)
[2026-06-12 16:04:53] [INFO] [upload] 收到上传图片: 灵感创款.png (51995 bytes)
[2026-06-12 16:22:55] [INFO] [upload] 收到上传图片: 灵感创款.png (51995 bytes)
[2026-06-12 16:24:40] [INFO] [upload] 收到上传图片: 灵感创款.png (51995 bytes)
[2026-06-12 16:30:26] [INFO] [upload] 收到上传图片: C 端-我的.png (132350 bytes)
[2026-06-12 16:37:12] [INFO] [upload] 收到上传图片: 灵感创款.png (51995 bytes)
[2026-06-12 16:37:22] [INFO] [upload] 收到上传图片: C 端-我的.png (132350 bytes)
[2026-06-12 16:41:23] [INFO] [upload] 收到上传图片: Frame 50711.png (45866 bytes)
[2026-06-12 16:43:35] [INFO] [upload] 收到上传图片: 我要找料弹窗 (1).png (1101569 bytes)
[2026-06-12 16:46:10] [INFO] [upload] 收到上传图片: 我要找料弹窗 (1).png (1101569 bytes)
[2026-06-12 16:47:21] [INFO] [upload] 收到上传图片: Frame 50711.png (45866 bytes)
[2026-06-12 17:20:51] [INFO] [upload] 收到上传图片: 我要找料弹窗 (1).png (1101569 bytes)
[2026-06-12 17:20:57] [INFO] [upload] 收到上传图片: 我要找料弹窗.png (1101569 bytes)
[2026-06-12 17:22:09] [INFO] [upload] 收到上传图片: 我要找料弹窗.png (1101569 bytes)
[2026-06-12 17:23:59] [INFO] [upload] 收到上传图片: 我要找料弹窗.png (1101569 bytes)
[2026-06-12 17:31:19] [INFO] [upload] 收到上传图片: 我要找料弹窗 (1).png (1101569 bytes)
[2026-06-12 17:35:27] [INFO] [upload] 收到上传图片: 灵感创款.png (51995 bytes)
[2026-06-12 17:45:28] [INFO] [upload] 收到上传图片: Frame 50711.png (45866 bytes)
[2026-06-12 17:45:32] [INFO] [upload] 收到上传图片: C 端-我的.png (132350 bytes)
[2026-06-12 17:45:37] [INFO] [upload] 收到上传图片: 算力明细 (1).png (138430 bytes)
[2026-06-12 17:49:11] [INFO] [upload] 收到上传图片: C 端-我的.png (132350 bytes)
[2026-06-12 17:51:27] [INFO] [upload] 收到上传图片: Frame 50712.png (47661 bytes)
[2026-06-12 17:51:30] [INFO] [upload] 收到上传图片: 算力明细 (1).png (138430 bytes)
[2026-06-12 17:56:45] [INFO] [upload] 收到上传图片: 我要找料弹窗 (1).png (1101569 bytes)
[2026-06-12 17:57:55] [INFO] [upload] 收到上传图片: 算力明细.png (138430 bytes)
[2026-06-12 18:01:00] [INFO] [upload] 收到上传图片: 算力明细.png (138430 bytes)
[2026-06-12 18:04:31] [INFO] [upload] 收到上传图片: 算力明细.png (138430 bytes)
[2026-06-12 18:06:09] [INFO] [upload] 收到上传图片: 算力明细.png (138430 bytes)
[2026-06-12 18:09:54] [INFO] [upload] 收到上传图片: 算力明细.png (138430 bytes)
