[2026-06-24 10:26:23] [INFO] [workflow] [Workflow] 开始执行任务: 20260624102623.612_f856d2e5, target=flutter
[2026-06-24 10:26:23] [INFO] [workflow] [Workflow] pushProgress: task=20260624102623.612_f856d2e5 step=PrepareImages progress=5
[2026-06-24 10:26:23] [INFO] [workflow] [Workflow] step 1/6: 准备图片 (3 张)...
[2026-06-24 10:26:23] [INFO] [workflow] [Workflow]   图片[0]: https://upload-image-1301638170.cos.ap-guangzhou.myqcloud.com/uploads/2026/06/24/1782267976146714000.png
[2026-06-24 10:26:23] [INFO] [workflow] [Workflow]   图片[0] base64 转换完成: 5934 bytes
[2026-06-24 10:26:23] [INFO] [workflow] [Workflow]   图片[1]: https://upload-image-1301638170.cos.ap-guangzhou.myqcloud.com/uploads/2026/06/24/1782267978778858800.png
[2026-06-24 10:26:24] [INFO] [workflow] [Workflow]   图片[1] base64 转换完成: 5934 bytes
[2026-06-24 10:26:24] [INFO] [workflow] [Workflow]   图片[2]: https://upload-image-1301638170.cos.ap-guangzhou.myqcloud.com/uploads/2026/06/24/1782267981315275700.png
[2026-06-24 10:26:24] [INFO] [workflow] [Workflow]   图片[2] base64 转换完成: 28894 bytes
[2026-06-24 10:26:26] [INFO] [workflow] [Workflow] pushProgress: task=20260624102623.612_f856d2e5 step=VisionAnalyzeSkill progress=20
[2026-06-24 10:26:26] [INFO] [workflow] [Workflow] step 2/6: 视觉分析 (VisionAnalyzeSkill)...
[2026-06-24 10:26:32] [INFO] [workflow] [Workflow] step 2/6 完成, DSL: {
  "page_name": "Onboarding / Welcome Screen",
  "layout": "Vertical Stack (Header + Central Graphic + Footer Text)",
  "components": [
    "Header Text Block (Title: 'Hello World!', Subtitle: 'What a beautiful day.')",
    "Central Decorative Icon (Stylized 4-petal flower/heart motif)",
    "Transition Screen (Maple Leaf Silhouette with Narrative Text: 'I Saw The Sign. And it opened up my mind!')"
  ]
}
[2026-06-24 10:26:34] [INFO] [workflow] [Workflow] pushProgress: task=20260624102623.612_f856d2e5 step=FlutterGenerateSkill progress=50
[2026-06-24 10:26:34] [INFO] [workflow] [Workflow] step 3/6: 代码生成 (FlutterGenerateSkill)...
[2026-06-24 10:26:56] [INFO] [workflow] [Workflow] step 3/6 完成, code=8034 chars
[2026-06-24 10:27:05] [INFO] [workflow] [Workflow] pushProgress: task=20260624102623.612_f856d2e5 step=CodeToHtmlSkill progress=75
[2026-06-24 10:27:05] [INFO] [workflow] [Workflow] step 4/6: 代码转 HTML 预览 (CodeToHtmlSkill)...
[2026-06-24 10:28:31] [INFO] [workflow] [Workflow] pushProgress: task=20260624102623.612_f856d2e5 step=SaveResult progress=85
[2026-06-24 10:28:31] [INFO] [workflow] [Workflow] step 5/6: 保存结果...
[2026-06-24 10:28:32] [INFO] [workflow] [Workflow] pushProgress: task=20260624102623.612_f856d2e5 step=Done progress=100
[2026-06-24 10:28:32] [INFO] [workflow] [Workflow] 任务完成: 20260624102623.612_f856d2e5
[2026-06-24 10:29:50] [INFO] [workflow] [Workflow] 开始执行任务: 20260624102950.254_b0f091f5, target=flutter
[2026-06-24 10:29:50] [INFO] [workflow] [Workflow] pushProgress: task=20260624102950.254_b0f091f5 step=PrepareImages progress=5
[2026-06-24 10:29:50] [INFO] [workflow] [Workflow] step 1/6: 准备图片 (1 张)...
[2026-06-24 10:29:50] [INFO] [workflow] [Workflow]   图片[0]: https://upload-image-1301638170.cos.ap-guangzhou.myqcloud.com/uploads/2026/06/24/1782268189098172000.png
[2026-06-24 10:29:50] [INFO] [workflow] [Workflow]   图片[0] base64 转换完成: 6594 bytes
[2026-06-24 10:29:52] [INFO] [workflow] [Workflow] pushProgress: task=20260624102950.254_b0f091f5 step=VisionAnalyzeSkill progress=20
[2026-06-24 10:29:52] [INFO] [workflow] [Workflow] step 2/6: 视觉分析 (VisionAnalyzeSkill)...
[2026-06-24 10:29:56] [INFO] [workflow] [Workflow] step 2/6 完成, DSL: {
  "page_name": "空白装饰页",
  "layout": "单元素居中横向布局",
  "components": [
    "手绘风格弧形装饰线"
  ]
}
[2026-06-24 10:29:57] [INFO] [workflow] [Workflow] pushProgress: task=20260624102950.254_b0f091f5 step=FlutterGenerateSkill progress=50
[2026-06-24 10:29:57] [INFO] [workflow] [Workflow] step 3/6: 代码生成 (FlutterGenerateSkill)...
[2026-06-24 10:30:23] [INFO] [workflow] [Workflow] step 3/6 完成, code=4541 chars
[2026-06-24 10:30:27] [INFO] [workflow] [Workflow] pushProgress: task=20260624102950.254_b0f091f5 step=CodeToHtmlSkill progress=75
[2026-06-24 10:30:27] [INFO] [workflow] [Workflow] step 4/6: 代码转 HTML 预览 (CodeToHtmlSkill)...
[2026-06-24 10:31:57] [INFO] [workflow] [Workflow] pushProgress: task=20260624102950.254_b0f091f5 step=SaveResult progress=85
[2026-06-24 10:31:57] [INFO] [workflow] [Workflow] step 5/6: 保存结果...
[2026-06-24 10:31:57] [INFO] [workflow] [Workflow] pushProgress: task=20260624102950.254_b0f091f5 step=Done progress=100
[2026-06-24 10:31:57] [INFO] [workflow] [Workflow] 任务完成: 20260624102950.254_b0f091f5
[2026-06-24 11:35:05] [INFO] [workflow] [Workflow] 开始执行任务: 20260624113504.941_96731b68, target=flutter
[2026-06-24 11:35:05] [INFO] [workflow] [Workflow] pushProgress: task=20260624113504.941_96731b68 step=PrepareImages progress=5
[2026-06-24 11:35:05] [INFO] [workflow] [Workflow] step 1/6: 准备图片 (1 张)...
[2026-06-24 11:35:05] [INFO] [workflow] [Workflow]   图片[0]: https://upload-image-1301638170.cos.ap-guangzhou.myqcloud.com/uploads/2026/06/24/1782272083413076300.png
[2026-06-24 11:35:05] [INFO] [workflow] [Workflow]   图片[0] base64 转换完成: 184598 bytes
[2026-06-24 11:35:06] [INFO] [workflow] [Workflow] pushProgress: task=20260624113504.941_96731b68 step=VisionAnalyzeSkill progress=20
[2026-06-24 11:35:06] [INFO] [workflow] [Workflow] step 2/6: 视觉分析 (VisionAnalyzeSkill)...
[2026-06-24 11:35:17] [INFO] [workflow] [Workflow] step 2/6 完成, DSL: {
  "page_name": "算力明细",
  "layout": "垂直分层布局，顶部状态栏+标题栏，中部为当前可用值卡片，中下部为功能操作区（赚取灵感点），底部为标签页切换的收支明细列表",
  "components": [
    "状态栏（时间、信号、电量）",
    "导航栏（返回箭头、页面标题“算力明细”、右侧三点菜单与圆形图标）",
    "主信息卡片（含闪电图标、当前可用值890、副标题“当前可用灵感点”、过期提示）",
    "功能操作区（两个圆角卡片：每日登录签到、邀请好友注册，含图标、文字说明、奖励数值、状态按钮）",
    "标签页导航（“全部”“获取”“消耗”，当前选中“全部”）",
    "收支明细列表项（每项含标题、标签、时间戳、数值及有效期说明，共6条记录）",
    "状态标签（如“系统返还”“当日24:00过期”“永久有效”等辅助说明标签）"
  ]
}
[2026-06-24 11:35:18] [INFO] [workflow] [Workflow] pushProgress: task=20260624113504.941_96731b68 step=FlutterGenerateSkill progress=50
[2026-06-24 11:35:18] [INFO] [workflow] [Workflow] step 3/6: 代码生成 (FlutterGenerateSkill)...
[2026-06-24 11:35:58] [INFO] [workflow] [Workflow] step 3/6 完成, code=12502 chars
[2026-06-24 11:36:09] [INFO] [workflow] [Workflow] pushProgress: task=20260624113504.941_96731b68 step=CodeToHtmlSkill progress=75
[2026-06-24 11:36:09] [INFO] [workflow] [Workflow] step 4/6: 代码转 HTML 预览 (CodeToHtmlSkill)...
[2026-06-24 11:37:03] [INFO] [workflow] [Workflow] pushProgress: task=20260624113504.941_96731b68 step=SaveResult progress=85
[2026-06-24 11:37:03] [INFO] [workflow] [Workflow] step 5/6: 保存结果...
[2026-06-24 11:37:04] [INFO] [workflow] [Workflow] pushProgress: task=20260624113504.941_96731b68 step=Done progress=100
[2026-06-24 11:37:04] [INFO] [workflow] [Workflow] 任务完成: 20260624113504.941_96731b68
[2026-06-24 18:26:35] [INFO] [workflow] [Workflow] 开始执行任务: 20260624182635.074_49a01fb9, target=flutter
[2026-06-24 18:26:35] [INFO] [workflow] [Workflow] pushProgress: task=20260624182635.074_49a01fb9 step=PrepareImages progress=5
[2026-06-24 18:26:35] [INFO] [workflow] [Workflow] step 1/6: 准备图片 (1 张)...
[2026-06-24 18:26:35] [INFO] [workflow] [Workflow]   图片[0]: https://upload-image-1301638170.cos.ap-guangzhou.myqcloud.com/uploads/2026/06/24/1782296791348222500.png
[2026-06-24 18:26:35] [INFO] [workflow] [Workflow]   图片[0] base64 转换完成: 2459598 bytes
[2026-06-24 18:26:38] [INFO] [workflow] [Workflow] pushProgress: task=20260624182635.074_49a01fb9 step=VisionAnalyzeSkill progress=20
[2026-06-24 18:26:38] [INFO] [workflow] [Workflow] step 2/6: 视觉分析 (VisionAnalyzeSkill)...
[2026-06-24 18:26:49] [INFO] [workflow] [Workflow] step 2/6 完成, DSL: {
  "page_name": "AI生成UI闭环优化流程图",
  "layout": "多区域网格布局（顶部主流程横向六步流 + 中部四栏对比说明区 + 底部推荐模型与实践建议区）",
  "components": [
    "步骤1：上传设计图（含手机预览、文件类型标注）",
    "步骤2：AI生成代码（含模板代码块、框架标识.vue）",
    "步骤3：代码渲染 → 预览图（含Headless浏览器渲染示意、PNG输出尺寸）",
    "步骤4：图像对比（原图 vs 生成预览图，含差异类型图标列表）",
    "步骤5：差异分析结果（JSON结构化差异报告、相似度与差异项统计）",
    "步骤6：自动优化迭代（修复操作列表、循环迭代箭头）",
    "对比技术说明模块（分视觉/结构/混合评分三类）",
    "对比结果可视化示例模块（含差异热力图、元素定位差异、结构树差异三子图）",
    "生成图片差异原因与解决方案模块",
    "对比模型选择指南模块（推荐模型与备选方案）",
    "推荐模型清单流程图（五阶段闭环：代码生成→渲染→对比→分析→优化）",
    "最佳实践建议模块（带勾选标记的四条实操建议）",
    "核心结论提示框（灯泡图标+总结性文字）"
  ]
}
[2026-06-24 18:26:51] [INFO] [workflow] [Workflow] pushProgress: task=20260624182635.074_49a01fb9 step=FlutterGenerateSkill progress=50
[2026-06-24 18:26:51] [INFO] [workflow] [Workflow] step 3/6: 代码生成 (FlutterGenerateSkill)...
[2026-06-24 18:27:15] [INFO] [workflow] [Workflow] step 3/6 完成, code=10804 chars
[2026-06-24 18:27:34] [INFO] [workflow] [Workflow] pushProgress: task=20260624182635.074_49a01fb9 step=CodeToHtmlSkill progress=75
[2026-06-24 18:27:34] [INFO] [workflow] [Workflow] step 4/6: 代码转 HTML 预览 (CodeToHtmlSkill)...
[2026-06-24 18:28:35] [ERROR] [workflow] [Workflow] CodeToHtmlSkill 转换失败: code-to-html: AI 调用失败: ai: 读取响应失败: read tcp 192.168.5.77:51469->175.12.122.167:443: wsarecv: An existing connection was forcibly closed by the remote host.
[2026-06-24 18:28:42] [INFO] [workflow] [Workflow] pushProgress: task=20260624182635.074_49a01fb9 step=SaveResult progress=85
[2026-06-24 18:28:42] [INFO] [workflow] [Workflow] step 5/6: 保存结果...
[2026-06-24 18:28:47] [INFO] [workflow] [Workflow] pushProgress: task=20260624182635.074_49a01fb9 step=Done progress=100
[2026-06-24 18:28:47] [INFO] [workflow] [Workflow] 任务完成: 20260624182635.074_49a01fb9
[2026-06-24 18:34:15] [INFO] [workflow] [Workflow] 开始执行任务: 20260624183415.156_04c6b8f0, target=flutter
[2026-06-24 18:34:16] [INFO] [workflow] [Workflow] pushProgress: task=20260624183415.156_04c6b8f0 step=PrepareImages progress=5
[2026-06-24 18:34:16] [INFO] [workflow] [Workflow] step 1/6: 准备图片 (1 张)...
[2026-06-24 18:34:16] [INFO] [workflow] [Workflow]   图片[0]: https://upload-image-1301638170.cos.ap-guangzhou.myqcloud.com/uploads/2026/06/24/1782297252124964900.png
[2026-06-24 18:34:17] [INFO] [workflow] [Workflow]   图片[0] base64 转换完成: 184598 bytes
[2026-06-24 18:34:21] [INFO] [workflow] [Workflow] pushProgress: task=20260624183415.156_04c6b8f0 step=VisionAnalyzeSkill progress=20
[2026-06-24 18:34:21] [INFO] [workflow] [Workflow] step 2/6: 视觉分析 (VisionAnalyzeSkill)...
[2026-06-24 18:34:31] [INFO] [workflow] [Workflow] step 2/6 完成, DSL: {
  "page_name": "算力明细",
  "layout": "垂直滚动单列布局，顶部为状态摘要区，中部为任务获取区，底部为收支明细标签页+列表区",
  "components": [
    "导航栏（含返回箭头、页面标题、更多操作按钮、切换视图按钮）",
    "当前可用灵感点卡片（含图标、数值、说明文字、过期提示）",
    "赚取灵感点功能区（含两个卡片式任务项：每日登录签到、邀请好友注册，各含图标、标题、收益说明、状态按钮）",
    "收支明细标签导航（全部/获取/消耗，当前选中‘全部’）",
    "收支明细列表项（每项含标题、标签、时间戳、金额及有效期说明，共6条记录）"
  ]
}
[2026-06-24 18:34:32] [INFO] [workflow] [Workflow] pushProgress: task=20260624183415.156_04c6b8f0 step=FlutterGenerateSkill progress=50
[2026-06-24 18:34:32] [INFO] [workflow] [Workflow] step 3/6: 代码生成 (FlutterGenerateSkill)...
[2026-06-24 18:35:13] [INFO] [workflow] [Workflow] step 3/6 完成, code=15092 chars
[2026-06-24 18:35:25] [INFO] [workflow] [Workflow] pushProgress: task=20260624183415.156_04c6b8f0 step=CodeToHtmlSkill progress=75
[2026-06-24 18:35:25] [INFO] [workflow] [Workflow] step 4/6: 代码转 HTML 预览 (CodeToHtmlSkill)...
[2026-06-24 18:36:45] [INFO] [workflow] [Workflow] pushProgress: task=20260624183415.156_04c6b8f0 step=SaveResult progress=85
[2026-06-24 18:36:45] [INFO] [workflow] [Workflow] step 5/6: 保存结果...
[2026-06-24 18:36:46] [INFO] [workflow] [Workflow] pushProgress: task=20260624183415.156_04c6b8f0 step=Done progress=100
[2026-06-24 18:36:46] [INFO] [workflow] [Workflow] 任务完成: 20260624183415.156_04c6b8f0
