[2026-06-23 17:01:44] [INFO] [workflow] [Workflow] 开始执行任务: 20260623170144.903_da0c7304, target=flutter
[2026-06-23 17:01:44] [INFO] [workflow] [Workflow] pushProgress: task=20260623170144.903_da0c7304 step=PrepareImages progress=5
[2026-06-23 17:01:45] [INFO] [workflow] [Workflow] step 1/6: 准备图片 (1 张)...
[2026-06-23 17:01:45] [INFO] [workflow] [Workflow]   图片[0]: https://upload-image-1301638170.cos.ap-guangzhou.myqcloud.com/uploads/2026/06/23/1782205302391096800.jpg
[2026-06-23 17:01:45] [INFO] [workflow] [Workflow]   图片[0] base64 转换完成: 31211 bytes
[2026-06-23 17:01:45] [INFO] [workflow] [Workflow] pushProgress: task=20260623170144.903_da0c7304 step=PrepareImages progress=8
[2026-06-23 17:01:46] [INFO] [workflow] [Workflow] pushProgress: task=20260623170144.903_da0c7304 step=PrepareImages progress=11
[2026-06-23 17:01:46] [INFO] [workflow] [Workflow] pushProgress: task=20260623170144.903_da0c7304 step=PrepareImages progress=14
[2026-06-23 17:01:47] [INFO] [workflow] [Workflow] pushProgress: task=20260623170144.903_da0c7304 step=PrepareImages progress=17
[2026-06-23 17:01:47] [INFO] [workflow] [Workflow] pushProgress: task=20260623170144.903_da0c7304 step=PrepareImages progress=20
[2026-06-23 17:01:47] [INFO] [workflow] [Workflow] pushProgress: task=20260623170144.903_da0c7304 step=VisionAnalyzeSkill progress=20
[2026-06-23 17:01:47] [INFO] [workflow] [Workflow] step 2/6: 视觉分析 (VisionAnalyzeSkill)...
[2026-06-23 17:01:47] [INFO] [workflow] [Workflow] pushProgress: task=20260623170144.903_da0c7304 step=VisionAnalyzeSkill progress=23
[2026-06-23 17:01:47] [INFO] [workflow] [Workflow] pushProgress: task=20260623170144.903_da0c7304 step=VisionAnalyzeSkill progress=26
[2026-06-23 17:01:47] [INFO] [workflow] [Workflow] pushProgress: task=20260623170144.903_da0c7304 step=VisionAnalyzeSkill progress=29
[2026-06-23 17:01:48] [INFO] [workflow] [Workflow] pushProgress: task=20260623170144.903_da0c7304 step=VisionAnalyzeSkill progress=32
[2026-06-23 17:01:48] [INFO] [workflow] [Workflow] pushProgress: task=20260623170144.903_da0c7304 step=VisionAnalyzeSkill progress=35
[2026-06-23 17:01:52] [INFO] [workflow] [Workflow] step 2/6 完成, DSL: {
  "page_name":"时尚穿搭展示页",
  "layout":"单列垂直布局（主体内容居中，背景为实景环境）",
  "components":[
    "人物主体图像组件",
    "外套细节展示组件",
    "内搭层叠穿搭组件",
    "下装色彩对比组件",
    "背景环境纹理组件"
  ]
}
[2026-06-23 17:01:52] [INFO] [workflow] [Workflow] pushProgress: task=20260623170144.903_da0c7304 step=VisionAnalyzeSkill progress=38
[2026-06-23 17:01:53] [INFO] [workflow] [Workflow] pushProgress: task=20260623170144.903_da0c7304 step=VisionAnalyzeSkill progress=41
[2026-06-23 17:01:53] [INFO] [workflow] [Workflow] pushProgress: task=20260623170144.903_da0c7304 step=VisionAnalyzeSkill progress=44
[2026-06-23 17:01:53] [INFO] [workflow] [Workflow] pushProgress: task=20260623170144.903_da0c7304 step=VisionAnalyzeSkill progress=47
[2026-06-23 17:01:53] [INFO] [workflow] [Workflow] pushProgress: task=20260623170144.903_da0c7304 step=VisionAnalyzeSkill progress=50
[2026-06-23 17:01:53] [INFO] [workflow] [Workflow] pushProgress: task=20260623170144.903_da0c7304 step=FlutterGenerateSkill progress=50
[2026-06-23 17:01:53] [INFO] [workflow] [Workflow] step 3/6: 代码生成 (FlutterGenerateSkill)...
[2026-06-23 17:01:53] [INFO] [workflow] [Workflow] pushProgress: task=20260623170144.903_da0c7304 step=FlutterGenerateSkill progress=53
[2026-06-23 17:01:54] [INFO] [workflow] [Workflow] pushProgress: task=20260623170144.903_da0c7304 step=FlutterGenerateSkill progress=56
[2026-06-23 17:01:54] [INFO] [workflow] [Workflow] pushProgress: task=20260623170144.903_da0c7304 step=FlutterGenerateSkill progress=59
[2026-06-23 17:01:54] [INFO] [workflow] [Workflow] pushProgress: task=20260623170144.903_da0c7304 step=FlutterGenerateSkill progress=62
[2026-06-23 17:01:54] [INFO] [workflow] [Workflow] pushProgress: task=20260623170144.903_da0c7304 step=FlutterGenerateSkill progress=65
[2026-06-23 17:02:17] [INFO] [workflow] [Workflow] step 3/6 完成, code=9353 chars
[2026-06-23 17:02:26] [INFO] [workflow] [Workflow] pushProgress: task=20260623170144.903_da0c7304 step=FlutterGenerateSkill progress=68
[2026-06-23 17:02:26] [INFO] [workflow] [Workflow] pushProgress: task=20260623170144.903_da0c7304 step=FlutterGenerateSkill progress=71
[2026-06-23 17:02:26] [INFO] [workflow] [Workflow] pushProgress: task=20260623170144.903_da0c7304 step=FlutterGenerateSkill progress=74
[2026-06-23 17:02:26] [INFO] [workflow] [Workflow] pushProgress: task=20260623170144.903_da0c7304 step=FlutterGenerateSkill progress=75
[2026-06-23 17:02:26] [INFO] [workflow] [Workflow] pushProgress: task=20260623170144.903_da0c7304 step=CodeToHtmlSkill progress=75
[2026-06-23 17:02:26] [INFO] [workflow] [Workflow] step 4/6: 代码转 HTML 预览 (CodeToHtmlSkill)...
[2026-06-23 17:03:37] [INFO] [workflow] [Workflow] pushProgress: task=20260623170144.903_da0c7304 step=CodeToHtmlSkill progress=78
[2026-06-23 17:03:37] [INFO] [workflow] [Workflow] pushProgress: task=20260623170144.903_da0c7304 step=CodeToHtmlSkill progress=81
[2026-06-23 17:03:37] [INFO] [workflow] [Workflow] pushProgress: task=20260623170144.903_da0c7304 step=CodeToHtmlSkill progress=84
[2026-06-23 17:03:37] [INFO] [workflow] [Workflow] pushProgress: task=20260623170144.903_da0c7304 step=CodeToHtmlSkill progress=85
[2026-06-23 17:03:37] [INFO] [workflow] [Workflow] pushProgress: task=20260623170144.903_da0c7304 step=SaveResult progress=85
[2026-06-23 17:03:37] [INFO] [workflow] [Workflow] step 5/6: 保存结果...
[2026-06-23 17:03:38] [INFO] [workflow] [Workflow] pushProgress: task=20260623170144.903_da0c7304 step=SaveResult progress=88
[2026-06-23 17:03:38] [INFO] [workflow] [Workflow] pushProgress: task=20260623170144.903_da0c7304 step=SaveResult progress=91
[2026-06-23 17:03:38] [INFO] [workflow] [Workflow] pushProgress: task=20260623170144.903_da0c7304 step=SaveResult progress=94
[2026-06-23 17:03:38] [INFO] [workflow] [Workflow] pushProgress: task=20260623170144.903_da0c7304 step=SaveResult progress=95
[2026-06-23 17:03:38] [INFO] [workflow] [Workflow] pushProgress: task=20260623170144.903_da0c7304 step=Done progress=100
[2026-06-23 17:03:38] [INFO] [workflow] [Workflow] 任务完成: 20260623170144.903_da0c7304
[2026-06-23 17:04:28] [INFO] [workflow] [Workflow] 开始执行任务: 20260623170428.239_8504cf1f, target=flutter
[2026-06-23 17:04:28] [INFO] [workflow] [Workflow] pushProgress: task=20260623170428.239_8504cf1f step=PrepareImages progress=5
[2026-06-23 17:04:28] [INFO] [workflow] [Workflow] step 1/6: 准备图片 (1 张)...
[2026-06-23 17:04:28] [INFO] [workflow] [Workflow]   图片[0]: https://upload-image-1301638170.cos.ap-guangzhou.myqcloud.com/uploads/2026/06/23/1782205302391096800.jpg
[2026-06-23 17:04:28] [INFO] [workflow] [Workflow]   图片[0] base64 转换完成: 31211 bytes
[2026-06-23 17:04:29] [INFO] [workflow] [Workflow] pushProgress: task=20260623170428.239_8504cf1f step=PrepareImages progress=8
[2026-06-23 17:04:29] [INFO] [workflow] [Workflow] pushProgress: task=20260623170428.239_8504cf1f step=PrepareImages progress=11
[2026-06-23 17:04:30] [INFO] [workflow] [Workflow] pushProgress: task=20260623170428.239_8504cf1f step=PrepareImages progress=14
[2026-06-23 17:04:30] [INFO] [workflow] [Workflow] pushProgress: task=20260623170428.239_8504cf1f step=PrepareImages progress=17
[2026-06-23 17:04:30] [INFO] [workflow] [Workflow] pushProgress: task=20260623170428.239_8504cf1f step=PrepareImages progress=20
[2026-06-23 17:04:30] [INFO] [workflow] [Workflow] pushProgress: task=20260623170428.239_8504cf1f step=VisionAnalyzeSkill progress=20
[2026-06-23 17:04:30] [INFO] [workflow] [Workflow] step 2/6: 视觉分析 (VisionAnalyzeSkill)...
[2026-06-23 17:04:30] [INFO] [workflow] [Workflow] pushProgress: task=20260623170428.239_8504cf1f step=VisionAnalyzeSkill progress=23
[2026-06-23 17:04:31] [INFO] [workflow] [Workflow] pushProgress: task=20260623170428.239_8504cf1f step=VisionAnalyzeSkill progress=26
[2026-06-23 17:04:31] [INFO] [workflow] [Workflow] pushProgress: task=20260623170428.239_8504cf1f step=VisionAnalyzeSkill progress=29
[2026-06-23 17:04:31] [INFO] [workflow] [Workflow] pushProgress: task=20260623170428.239_8504cf1f step=VisionAnalyzeSkill progress=32
[2026-06-23 17:04:31] [INFO] [workflow] [Workflow] pushProgress: task=20260623170428.239_8504cf1f step=VisionAnalyzeSkill progress=35
[2026-06-23 17:04:35] [INFO] [workflow] [Workflow] step 2/6 完成, DSL: {
  "page_name": "时尚穿搭展示页",
  "layout": "单列垂直居中内容布局",
  "components": [
    "人物主体图像组件",
    "背景环境组件（砖墙与台阶）",
    "服装细节展示区域（风衣、内搭T恤、叠穿层次、裤装）"
  ]
}
[2026-06-23 17:04:35] [INFO] [workflow] [Workflow] pushProgress: task=20260623170428.239_8504cf1f step=VisionAnalyzeSkill progress=38
[2026-06-23 17:04:35] [INFO] [workflow] [Workflow] pushProgress: task=20260623170428.239_8504cf1f step=VisionAnalyzeSkill progress=41
[2026-06-23 17:04:36] [INFO] [workflow] [Workflow] pushProgress: task=20260623170428.239_8504cf1f step=VisionAnalyzeSkill progress=44
[2026-06-23 17:04:36] [INFO] [workflow] [Workflow] pushProgress: task=20260623170428.239_8504cf1f step=VisionAnalyzeSkill progress=47
[2026-06-23 17:04:36] [INFO] [workflow] [Workflow] pushProgress: task=20260623170428.239_8504cf1f step=VisionAnalyzeSkill progress=50
[2026-06-23 17:04:36] [INFO] [workflow] [Workflow] pushProgress: task=20260623170428.239_8504cf1f step=FlutterGenerateSkill progress=50
[2026-06-23 17:04:36] [INFO] [workflow] [Workflow] step 3/6: 代码生成 (FlutterGenerateSkill)...
[2026-06-23 17:04:36] [INFO] [workflow] [Workflow] pushProgress: task=20260623170428.239_8504cf1f step=FlutterGenerateSkill progress=53
[2026-06-23 17:04:36] [INFO] [workflow] [Workflow] pushProgress: task=20260623170428.239_8504cf1f step=FlutterGenerateSkill progress=56
[2026-06-23 17:04:37] [INFO] [workflow] [Workflow] pushProgress: task=20260623170428.239_8504cf1f step=FlutterGenerateSkill progress=59
[2026-06-23 17:04:37] [INFO] [workflow] [Workflow] pushProgress: task=20260623170428.239_8504cf1f step=FlutterGenerateSkill progress=62
[2026-06-23 17:04:37] [INFO] [workflow] [Workflow] pushProgress: task=20260623170428.239_8504cf1f step=FlutterGenerateSkill progress=65
[2026-06-23 17:05:02] [INFO] [workflow] [Workflow] step 3/6 完成, code=9419 chars
[2026-06-23 17:05:08] [INFO] [workflow] [Workflow] pushProgress: task=20260623170428.239_8504cf1f step=FlutterGenerateSkill progress=68
[2026-06-23 17:05:09] [INFO] [workflow] [Workflow] pushProgress: task=20260623170428.239_8504cf1f step=FlutterGenerateSkill progress=71
[2026-06-23 17:05:09] [INFO] [workflow] [Workflow] pushProgress: task=20260623170428.239_8504cf1f step=FlutterGenerateSkill progress=74
[2026-06-23 17:05:09] [INFO] [workflow] [Workflow] pushProgress: task=20260623170428.239_8504cf1f step=FlutterGenerateSkill progress=75
[2026-06-23 17:05:09] [INFO] [workflow] [Workflow] pushProgress: task=20260623170428.239_8504cf1f step=CodeToHtmlSkill progress=75
[2026-06-23 17:05:09] [INFO] [workflow] [Workflow] step 4/6: 代码转 HTML 预览 (CodeToHtmlSkill)...
[2026-06-23 17:05:51] [INFO] [workflow] [Workflow] pushProgress: task=20260623170428.239_8504cf1f step=CodeToHtmlSkill progress=78
[2026-06-23 17:05:51] [INFO] [workflow] [Workflow] pushProgress: task=20260623170428.239_8504cf1f step=CodeToHtmlSkill progress=81
[2026-06-23 17:05:51] [INFO] [workflow] [Workflow] pushProgress: task=20260623170428.239_8504cf1f step=CodeToHtmlSkill progress=84
[2026-06-23 17:05:51] [INFO] [workflow] [Workflow] pushProgress: task=20260623170428.239_8504cf1f step=CodeToHtmlSkill progress=85
[2026-06-23 17:05:51] [INFO] [workflow] [Workflow] pushProgress: task=20260623170428.239_8504cf1f step=SaveResult progress=85
[2026-06-23 17:05:51] [INFO] [workflow] [Workflow] step 5/6: 保存结果...
[2026-06-23 17:05:52] [INFO] [workflow] [Workflow] pushProgress: task=20260623170428.239_8504cf1f step=SaveResult progress=88
[2026-06-23 17:05:52] [INFO] [workflow] [Workflow] pushProgress: task=20260623170428.239_8504cf1f step=SaveResult progress=91
[2026-06-23 17:05:52] [INFO] [workflow] [Workflow] pushProgress: task=20260623170428.239_8504cf1f step=SaveResult progress=94
[2026-06-23 17:05:52] [INFO] [workflow] [Workflow] pushProgress: task=20260623170428.239_8504cf1f step=SaveResult progress=95
[2026-06-23 17:05:52] [INFO] [workflow] [Workflow] pushProgress: task=20260623170428.239_8504cf1f step=Done progress=100
[2026-06-23 17:05:52] [INFO] [workflow] [Workflow] 任务完成: 20260623170428.239_8504cf1f
[2026-06-23 17:06:08] [INFO] [workflow] [Workflow] 开始执行任务: 20260623170608.768_eb8d1d07, target=vue3
[2026-06-23 17:06:08] [INFO] [workflow] [Workflow] pushProgress: task=20260623170608.768_eb8d1d07 step=PrepareImages progress=5
[2026-06-23 17:06:08] [INFO] [workflow] [Workflow] step 1/6: 准备图片 (1 张)...
[2026-06-23 17:06:08] [INFO] [workflow] [Workflow]   图片[0]: https://upload-image-1301638170.cos.ap-guangzhou.myqcloud.com/uploads/2026/06/23/1782205302391096800.jpg
[2026-06-23 17:06:09] [INFO] [workflow] [Workflow]   图片[0] base64 转换完成: 31211 bytes
[2026-06-23 17:06:09] [INFO] [workflow] [Workflow] pushProgress: task=20260623170608.768_eb8d1d07 step=PrepareImages progress=8
[2026-06-23 17:06:10] [INFO] [workflow] [Workflow] pushProgress: task=20260623170608.768_eb8d1d07 step=PrepareImages progress=11
[2026-06-23 17:06:10] [INFO] [workflow] [Workflow] pushProgress: task=20260623170608.768_eb8d1d07 step=PrepareImages progress=14
[2026-06-23 17:06:10] [INFO] [workflow] [Workflow] pushProgress: task=20260623170608.768_eb8d1d07 step=PrepareImages progress=17
[2026-06-23 17:06:10] [INFO] [workflow] [Workflow] pushProgress: task=20260623170608.768_eb8d1d07 step=PrepareImages progress=20
[2026-06-23 17:06:10] [INFO] [workflow] [Workflow] pushProgress: task=20260623170608.768_eb8d1d07 step=VisionAnalyzeSkill progress=20
[2026-06-23 17:06:10] [INFO] [workflow] [Workflow] step 2/6: 视觉分析 (VisionAnalyzeSkill)...
[2026-06-23 17:06:11] [INFO] [workflow] [Workflow] pushProgress: task=20260623170608.768_eb8d1d07 step=VisionAnalyzeSkill progress=23
[2026-06-23 17:06:11] [INFO] [workflow] [Workflow] pushProgress: task=20260623170608.768_eb8d1d07 step=VisionAnalyzeSkill progress=26
[2026-06-23 17:06:11] [INFO] [workflow] [Workflow] pushProgress: task=20260623170608.768_eb8d1d07 step=VisionAnalyzeSkill progress=29
[2026-06-23 17:06:12] [INFO] [workflow] [Workflow] pushProgress: task=20260623170608.768_eb8d1d07 step=VisionAnalyzeSkill progress=32
[2026-06-23 17:06:12] [INFO] [workflow] [Workflow] pushProgress: task=20260623170608.768_eb8d1d07 step=VisionAnalyzeSkill progress=35
[2026-06-23 17:06:15] [INFO] [workflow] [Workflow] step 2/6 完成, DSL: {
  "page_name": "服装搭配展示页",
  "layout": "单列垂直居中内容布局",
  "components": [
    "人物主体图像组件",
    "背景纹理组件（砖墙）",
    "服饰细节组件（风衣、内搭T恤、叠穿层、长裤）",
    "材质与色彩对比组件"
  ]
}
[2026-06-23 17:06:16] [INFO] [workflow] [Workflow] pushProgress: task=20260623170608.768_eb8d1d07 step=VisionAnalyzeSkill progress=38
[2026-06-23 17:06:16] [INFO] [workflow] [Workflow] pushProgress: task=20260623170608.768_eb8d1d07 step=VisionAnalyzeSkill progress=41
[2026-06-23 17:06:16] [INFO] [workflow] [Workflow] pushProgress: task=20260623170608.768_eb8d1d07 step=VisionAnalyzeSkill progress=44
[2026-06-23 17:06:16] [INFO] [workflow] [Workflow] pushProgress: task=20260623170608.768_eb8d1d07 step=VisionAnalyzeSkill progress=47
[2026-06-23 17:06:16] [INFO] [workflow] [Workflow] pushProgress: task=20260623170608.768_eb8d1d07 step=VisionAnalyzeSkill progress=50
[2026-06-23 17:06:16] [INFO] [workflow] [Workflow] pushProgress: task=20260623170608.768_eb8d1d07 step=Vue3GenerateSkill progress=50
[2026-06-23 17:06:16] [INFO] [workflow] [Workflow] step 3/6: 代码生成 (Vue3GenerateSkill)...
[2026-06-23 17:06:17] [INFO] [workflow] [Workflow] pushProgress: task=20260623170608.768_eb8d1d07 step=Vue3GenerateSkill progress=53
[2026-06-23 17:06:17] [INFO] [workflow] [Workflow] pushProgress: task=20260623170608.768_eb8d1d07 step=Vue3GenerateSkill progress=56
[2026-06-23 17:06:17] [INFO] [workflow] [Workflow] pushProgress: task=20260623170608.768_eb8d1d07 step=Vue3GenerateSkill progress=59
[2026-06-23 17:06:17] [INFO] [workflow] [Workflow] pushProgress: task=20260623170608.768_eb8d1d07 step=Vue3GenerateSkill progress=62
[2026-06-23 17:06:17] [INFO] [workflow] [Workflow] pushProgress: task=20260623170608.768_eb8d1d07 step=Vue3GenerateSkill progress=65
[2026-06-23 17:06:23] [INFO] [workflow] [Workflow] step 3/6 完成, code=1465 chars
[2026-06-23 17:06:24] [INFO] [workflow] [Workflow] pushProgress: task=20260623170608.768_eb8d1d07 step=Vue3GenerateSkill progress=68
[2026-06-23 17:06:25] [INFO] [workflow] [Workflow] pushProgress: task=20260623170608.768_eb8d1d07 step=Vue3GenerateSkill progress=71
[2026-06-23 17:06:25] [INFO] [workflow] [Workflow] pushProgress: task=20260623170608.768_eb8d1d07 step=Vue3GenerateSkill progress=74
[2026-06-23 17:06:25] [INFO] [workflow] [Workflow] pushProgress: task=20260623170608.768_eb8d1d07 step=Vue3GenerateSkill progress=75
[2026-06-23 17:06:25] [INFO] [workflow] [Workflow] pushProgress: task=20260623170608.768_eb8d1d07 step=CodeToHtmlSkill progress=75
[2026-06-23 17:06:25] [INFO] [workflow] [Workflow] step 4/6: 代码转 HTML 预览 (CodeToHtmlSkill)...
[2026-06-23 17:07:47] [INFO] [workflow] [Workflow] pushProgress: task=20260623170608.768_eb8d1d07 step=CodeToHtmlSkill progress=78
[2026-06-23 17:07:47] [INFO] [workflow] [Workflow] pushProgress: task=20260623170608.768_eb8d1d07 step=CodeToHtmlSkill progress=81
[2026-06-23 17:07:48] [INFO] [workflow] [Workflow] pushProgress: task=20260623170608.768_eb8d1d07 step=CodeToHtmlSkill progress=84
[2026-06-23 17:07:48] [INFO] [workflow] [Workflow] pushProgress: task=20260623170608.768_eb8d1d07 step=CodeToHtmlSkill progress=85
[2026-06-23 17:07:48] [INFO] [workflow] [Workflow] pushProgress: task=20260623170608.768_eb8d1d07 step=SaveResult progress=85
[2026-06-23 17:07:48] [INFO] [workflow] [Workflow] step 5/6: 保存结果...
[2026-06-23 17:07:48] [INFO] [workflow] [Workflow] pushProgress: task=20260623170608.768_eb8d1d07 step=SaveResult progress=88
[2026-06-23 17:07:48] [INFO] [workflow] [Workflow] pushProgress: task=20260623170608.768_eb8d1d07 step=SaveResult progress=91
[2026-06-23 17:07:48] [INFO] [workflow] [Workflow] pushProgress: task=20260623170608.768_eb8d1d07 step=SaveResult progress=94
[2026-06-23 17:07:48] [INFO] [workflow] [Workflow] pushProgress: task=20260623170608.768_eb8d1d07 step=SaveResult progress=95
[2026-06-23 17:07:48] [INFO] [workflow] [Workflow] pushProgress: task=20260623170608.768_eb8d1d07 step=Done progress=100
[2026-06-23 17:07:48] [INFO] [workflow] [Workflow] 任务完成: 20260623170608.768_eb8d1d07
[2026-06-23 17:08:42] [INFO] [workflow] [Workflow] 开始执行任务: 20260623170842.426_945bbdee, target=flutter
[2026-06-23 17:08:42] [INFO] [workflow] [Workflow] pushProgress: task=20260623170842.426_945bbdee step=PrepareImages progress=5
[2026-06-23 17:08:42] [INFO] [workflow] [Workflow] step 1/6: 准备图片 (1 张)...
[2026-06-23 17:08:42] [INFO] [workflow] [Workflow]   图片[0]: https://upload-image-1301638170.cos.ap-guangzhou.myqcloud.com/uploads/2026/06/23/1782205720626835600.jpg
[2026-06-23 17:08:42] [INFO] [workflow] [Workflow]   图片[0] base64 转换完成: 31211 bytes
[2026-06-23 17:08:43] [INFO] [workflow] [Workflow] pushProgress: task=20260623170842.426_945bbdee step=PrepareImages progress=8
[2026-06-23 17:08:43] [INFO] [workflow] [Workflow] pushProgress: task=20260623170842.426_945bbdee step=PrepareImages progress=11
[2026-06-23 17:08:44] [INFO] [workflow] [Workflow] pushProgress: task=20260623170842.426_945bbdee step=PrepareImages progress=14
[2026-06-23 17:08:44] [INFO] [workflow] [Workflow] pushProgress: task=20260623170842.426_945bbdee step=PrepareImages progress=17
[2026-06-23 17:08:45] [INFO] [workflow] [Workflow] pushProgress: task=20260623170842.426_945bbdee step=PrepareImages progress=20
[2026-06-23 17:08:45] [INFO] [workflow] [Workflow] pushProgress: task=20260623170842.426_945bbdee step=VisionAnalyzeSkill progress=20
[2026-06-23 17:08:45] [INFO] [workflow] [Workflow] step 2/6: 视觉分析 (VisionAnalyzeSkill)...
[2026-06-23 17:08:45] [INFO] [workflow] [Workflow] pushProgress: task=20260623170842.426_945bbdee step=VisionAnalyzeSkill progress=23
[2026-06-23 17:08:45] [INFO] [workflow] [Workflow] pushProgress: task=20260623170842.426_945bbdee step=VisionAnalyzeSkill progress=26
[2026-06-23 17:08:46] [INFO] [workflow] [Workflow] pushProgress: task=20260623170842.426_945bbdee step=VisionAnalyzeSkill progress=29
[2026-06-23 17:08:46] [INFO] [workflow] [Workflow] pushProgress: task=20260623170842.426_945bbdee step=VisionAnalyzeSkill progress=32
[2026-06-23 17:08:46] [INFO] [workflow] [Workflow] pushProgress: task=20260623170842.426_945bbdee step=VisionAnalyzeSkill progress=35
[2026-06-23 17:08:50] [INFO] [workflow] [Workflow] step 2/6 完成, DSL: {
  "page_name": "时尚穿搭展示页",
  "layout": "单列垂直布局（主体为居中人物特写，背景为环境衬托）",
  "components": [
    "人物主体图像组件",
    "服装细节展示组件（风衣、内搭T恤、叠穿层次、长裤）",
    "背景环境组件（砖墙、石阶）",
    "风格氛围组件（自然光、材质纹理、色彩搭配）"
  ]
}
[2026-06-23 17:08:51] [INFO] [workflow] [Workflow] pushProgress: task=20260623170842.426_945bbdee step=VisionAnalyzeSkill progress=38
[2026-06-23 17:08:51] [INFO] [workflow] [Workflow] pushProgress: task=20260623170842.426_945bbdee step=VisionAnalyzeSkill progress=41
[2026-06-23 17:08:51] [INFO] [workflow] [Workflow] pushProgress: task=20260623170842.426_945bbdee step=VisionAnalyzeSkill progress=44
[2026-06-23 17:08:51] [INFO] [workflow] [Workflow] pushProgress: task=20260623170842.426_945bbdee step=VisionAnalyzeSkill progress=47
[2026-06-23 17:08:51] [INFO] [workflow] [Workflow] pushProgress: task=20260623170842.426_945bbdee step=VisionAnalyzeSkill progress=50
[2026-06-23 17:08:51] [INFO] [workflow] [Workflow] pushProgress: task=20260623170842.426_945bbdee step=FlutterGenerateSkill progress=50
[2026-06-23 17:08:51] [INFO] [workflow] [Workflow] step 3/6: 代码生成 (FlutterGenerateSkill)...
[2026-06-23 17:08:52] [INFO] [workflow] [Workflow] pushProgress: task=20260623170842.426_945bbdee step=FlutterGenerateSkill progress=53
[2026-06-23 17:08:52] [INFO] [workflow] [Workflow] pushProgress: task=20260623170842.426_945bbdee step=FlutterGenerateSkill progress=56
[2026-06-23 17:08:52] [INFO] [workflow] [Workflow] pushProgress: task=20260623170842.426_945bbdee step=FlutterGenerateSkill progress=59
[2026-06-23 17:08:53] [INFO] [workflow] [Workflow] pushProgress: task=20260623170842.426_945bbdee step=FlutterGenerateSkill progress=62
[2026-06-23 17:08:53] [INFO] [workflow] [Workflow] pushProgress: task=20260623170842.426_945bbdee step=FlutterGenerateSkill progress=65
[2026-06-23 17:09:15] [INFO] [workflow] [Workflow] step 3/6 完成, code=13400 chars
[2026-06-23 17:09:23] [INFO] [workflow] [Workflow] pushProgress: task=20260623170842.426_945bbdee step=FlutterGenerateSkill progress=68
[2026-06-23 17:09:24] [INFO] [workflow] [Workflow] pushProgress: task=20260623170842.426_945bbdee step=FlutterGenerateSkill progress=71
[2026-06-23 17:09:24] [INFO] [workflow] [Workflow] pushProgress: task=20260623170842.426_945bbdee step=FlutterGenerateSkill progress=74
[2026-06-23 17:09:24] [INFO] [workflow] [Workflow] pushProgress: task=20260623170842.426_945bbdee step=FlutterGenerateSkill progress=75
[2026-06-23 17:09:24] [INFO] [workflow] [Workflow] pushProgress: task=20260623170842.426_945bbdee step=CodeToHtmlSkill progress=75
[2026-06-23 17:09:24] [INFO] [workflow] [Workflow] step 4/6: 代码转 HTML 预览 (CodeToHtmlSkill)...
[2026-06-23 17:10:37] [INFO] [workflow] [Workflow] pushProgress: task=20260623170842.426_945bbdee step=CodeToHtmlSkill progress=78
[2026-06-23 17:10:37] [INFO] [workflow] [Workflow] pushProgress: task=20260623170842.426_945bbdee step=CodeToHtmlSkill progress=81
[2026-06-23 17:10:37] [INFO] [workflow] [Workflow] pushProgress: task=20260623170842.426_945bbdee step=CodeToHtmlSkill progress=84
[2026-06-23 17:10:37] [INFO] [workflow] [Workflow] pushProgress: task=20260623170842.426_945bbdee step=CodeToHtmlSkill progress=85
[2026-06-23 17:10:37] [INFO] [workflow] [Workflow] pushProgress: task=20260623170842.426_945bbdee step=SaveResult progress=85
[2026-06-23 17:10:37] [INFO] [workflow] [Workflow] step 5/6: 保存结果...
[2026-06-23 17:10:38] [INFO] [workflow] [Workflow] pushProgress: task=20260623170842.426_945bbdee step=SaveResult progress=88
[2026-06-23 17:10:38] [INFO] [workflow] [Workflow] pushProgress: task=20260623170842.426_945bbdee step=SaveResult progress=91
[2026-06-23 17:10:38] [INFO] [workflow] [Workflow] pushProgress: task=20260623170842.426_945bbdee step=SaveResult progress=94
[2026-06-23 17:10:38] [INFO] [workflow] [Workflow] pushProgress: task=20260623170842.426_945bbdee step=SaveResult progress=95
[2026-06-23 17:10:38] [INFO] [workflow] [Workflow] pushProgress: task=20260623170842.426_945bbdee step=Done progress=100
[2026-06-23 17:10:38] [INFO] [workflow] [Workflow] 任务完成: 20260623170842.426_945bbdee
[2026-06-23 17:16:20] [INFO] [workflow] [Workflow] 开始执行任务: 20260623171620.346_ee497472, target=react
[2026-06-23 17:16:20] [INFO] [workflow] [Workflow] pushProgress: task=20260623171620.346_ee497472 step=PrepareImages progress=5
[2026-06-23 17:16:20] [INFO] [workflow] [Workflow] step 1/6: 准备图片 (1 张)...
[2026-06-23 17:16:20] [INFO] [workflow] [Workflow]   图片[0]: https://upload-image-1301638170.cos.ap-guangzhou.myqcloud.com/uploads/2026/06/23/1782206171830877400.jpg
[2026-06-23 17:16:20] [INFO] [workflow] [Workflow]   图片[0] base64 转换完成: 23851 bytes
[2026-06-23 17:16:20] [INFO] [workflow] [Workflow] pushProgress: task=20260623171620.346_ee497472 step=PrepareImages progress=8
[2026-06-23 17:16:21] [INFO] [workflow] [Workflow] pushProgress: task=20260623171620.346_ee497472 step=PrepareImages progress=11
[2026-06-23 17:16:21] [INFO] [workflow] [Workflow] pushProgress: task=20260623171620.346_ee497472 step=PrepareImages progress=14
[2026-06-23 17:16:22] [INFO] [workflow] [Workflow] pushProgress: task=20260623171620.346_ee497472 step=PrepareImages progress=17
[2026-06-23 17:16:22] [INFO] [workflow] [Workflow] pushProgress: task=20260623171620.346_ee497472 step=PrepareImages progress=20
[2026-06-23 17:16:23] [INFO] [workflow] [Workflow] pushProgress: task=20260623171620.346_ee497472 step=VisionAnalyzeSkill progress=20
[2026-06-23 17:16:23] [INFO] [workflow] [Workflow] step 2/6: 视觉分析 (VisionAnalyzeSkill)...
[2026-06-23 17:16:23] [INFO] [workflow] [Workflow] pushProgress: task=20260623171620.346_ee497472 step=VisionAnalyzeSkill progress=23
[2026-06-23 17:16:23] [INFO] [workflow] [Workflow] pushProgress: task=20260623171620.346_ee497472 step=VisionAnalyzeSkill progress=26
[2026-06-23 17:16:24] [INFO] [workflow] [Workflow] pushProgress: task=20260623171620.346_ee497472 step=VisionAnalyzeSkill progress=29
[2026-06-23 17:16:25] [INFO] [workflow] [Workflow] pushProgress: task=20260623171620.346_ee497472 step=VisionAnalyzeSkill progress=32
[2026-06-23 17:16:25] [INFO] [workflow] [Workflow] pushProgress: task=20260623171620.346_ee497472 step=VisionAnalyzeSkill progress=35
[2026-06-23 17:16:29] [INFO] [workflow] [Workflow] step 2/6 完成, DSL: {
  "page_name": "服饰穿搭展示页",
  "layout": "单列垂直居中展示布局",
  "components": [
    "人物主体图像组件",
    "背景环境组件（含装饰元素）",
    "左侧竖排文字标签组件（红色底纹，含中文字符）"
  ]
}
[2026-06-23 17:16:29] [INFO] [workflow] [Workflow] pushProgress: task=20260623171620.346_ee497472 step=VisionAnalyzeSkill progress=38
[2026-06-23 17:16:29] [INFO] [workflow] [Workflow] pushProgress: task=20260623171620.346_ee497472 step=VisionAnalyzeSkill progress=41
[2026-06-23 17:16:30] [INFO] [workflow] [Workflow] pushProgress: task=20260623171620.346_ee497472 step=VisionAnalyzeSkill progress=44
[2026-06-23 17:16:30] [INFO] [workflow] [Workflow] pushProgress: task=20260623171620.346_ee497472 step=VisionAnalyzeSkill progress=47
[2026-06-23 17:16:30] [INFO] [workflow] [Workflow] pushProgress: task=20260623171620.346_ee497472 step=VisionAnalyzeSkill progress=50
[2026-06-23 17:16:30] [INFO] [workflow] [Workflow] pushProgress: task=20260623171620.346_ee497472 step=ReactGenerateSkill progress=50
[2026-06-23 17:16:30] [INFO] [workflow] [Workflow] step 3/6: 代码生成 (ReactGenerateSkill)...
[2026-06-23 17:16:30] [INFO] [workflow] [Workflow] pushProgress: task=20260623171620.346_ee497472 step=ReactGenerateSkill progress=53
[2026-06-23 17:16:31] [INFO] [workflow] [Workflow] pushProgress: task=20260623171620.346_ee497472 step=ReactGenerateSkill progress=56
[2026-06-23 17:16:31] [INFO] [workflow] [Workflow] pushProgress: task=20260623171620.346_ee497472 step=ReactGenerateSkill progress=59
[2026-06-23 17:16:31] [INFO] [workflow] [Workflow] pushProgress: task=20260623171620.346_ee497472 step=ReactGenerateSkill progress=62
[2026-06-23 17:16:31] [INFO] [workflow] [Workflow] pushProgress: task=20260623171620.346_ee497472 step=ReactGenerateSkill progress=65
[2026-06-23 17:16:40] [INFO] [workflow] [Workflow] step 3/6 完成, code=3016 chars
[2026-06-23 17:16:44] [INFO] [workflow] [Workflow] pushProgress: task=20260623171620.346_ee497472 step=ReactGenerateSkill progress=68
[2026-06-23 17:16:45] [INFO] [workflow] [Workflow] pushProgress: task=20260623171620.346_ee497472 step=ReactGenerateSkill progress=71
[2026-06-23 17:16:45] [INFO] [workflow] [Workflow] pushProgress: task=20260623171620.346_ee497472 step=ReactGenerateSkill progress=74
[2026-06-23 17:16:45] [INFO] [workflow] [Workflow] pushProgress: task=20260623171620.346_ee497472 step=ReactGenerateSkill progress=75
[2026-06-23 17:16:45] [INFO] [workflow] [Workflow] pushProgress: task=20260623171620.346_ee497472 step=CodeToHtmlSkill progress=75
[2026-06-23 17:16:45] [INFO] [workflow] [Workflow] step 4/6: 代码转 HTML 预览 (CodeToHtmlSkill)...
[2026-06-23 17:16:55] [INFO] [workflow] [Workflow] pushProgress: task=20260623171620.346_ee497472 step=CodeToHtmlSkill progress=78
[2026-06-23 17:16:56] [INFO] [workflow] [Workflow] pushProgress: task=20260623171620.346_ee497472 step=CodeToHtmlSkill progress=81
[2026-06-23 17:16:56] [INFO] [workflow] [Workflow] pushProgress: task=20260623171620.346_ee497472 step=CodeToHtmlSkill progress=84
[2026-06-23 17:16:56] [INFO] [workflow] [Workflow] pushProgress: task=20260623171620.346_ee497472 step=CodeToHtmlSkill progress=85
[2026-06-23 17:16:56] [INFO] [workflow] [Workflow] pushProgress: task=20260623171620.346_ee497472 step=SaveResult progress=85
[2026-06-23 17:16:56] [INFO] [workflow] [Workflow] step 5/6: 保存结果...
[2026-06-23 17:16:56] [INFO] [workflow] [Workflow] pushProgress: task=20260623171620.346_ee497472 step=SaveResult progress=88
[2026-06-23 17:16:56] [INFO] [workflow] [Workflow] pushProgress: task=20260623171620.346_ee497472 step=SaveResult progress=91
[2026-06-23 17:16:57] [INFO] [workflow] [Workflow] pushProgress: task=20260623171620.346_ee497472 step=SaveResult progress=94
[2026-06-23 17:16:57] [INFO] [workflow] [Workflow] pushProgress: task=20260623171620.346_ee497472 step=SaveResult progress=95
[2026-06-23 17:16:57] [INFO] [workflow] [Workflow] pushProgress: task=20260623171620.346_ee497472 step=Done progress=100
[2026-06-23 17:16:57] [INFO] [workflow] [Workflow] 任务完成: 20260623171620.346_ee497472
[2026-06-23 17:17:25] [INFO] [workflow] [Workflow] 开始执行任务: 20260623171724.996_f7cf3c51, target=react
[2026-06-23 17:17:25] [INFO] [workflow] [Workflow] pushProgress: task=20260623171724.996_f7cf3c51 step=PrepareImages progress=5
[2026-06-23 17:17:25] [INFO] [workflow] [Workflow] step 1/6: 准备图片 (1 张)...
[2026-06-23 17:17:25] [INFO] [workflow] [Workflow]   图片[0]: https://upload-image-1301638170.cos.ap-guangzhou.myqcloud.com/uploads/2026/06/23/1782206171830877400.jpg
[2026-06-23 17:17:25] [INFO] [workflow] [Workflow]   图片[0] base64 转换完成: 23851 bytes
[2026-06-23 17:17:25] [INFO] [workflow] [Workflow] pushProgress: task=20260623171724.996_f7cf3c51 step=PrepareImages progress=8
[2026-06-23 17:17:26] [INFO] [workflow] [Workflow] pushProgress: task=20260623171724.996_f7cf3c51 step=PrepareImages progress=11
[2026-06-23 17:17:26] [INFO] [workflow] [Workflow] pushProgress: task=20260623171724.996_f7cf3c51 step=PrepareImages progress=14
[2026-06-23 17:17:27] [INFO] [workflow] [Workflow] pushProgress: task=20260623171724.996_f7cf3c51 step=PrepareImages progress=17
[2026-06-23 17:17:27] [INFO] [workflow] [Workflow] pushProgress: task=20260623171724.996_f7cf3c51 step=PrepareImages progress=20
[2026-06-23 17:17:27] [INFO] [workflow] [Workflow] pushProgress: task=20260623171724.996_f7cf3c51 step=VisionAnalyzeSkill progress=20
[2026-06-23 17:17:27] [INFO] [workflow] [Workflow] step 2/6: 视觉分析 (VisionAnalyzeSkill)...
[2026-06-23 17:17:27] [INFO] [workflow] [Workflow] pushProgress: task=20260623171724.996_f7cf3c51 step=VisionAnalyzeSkill progress=23
[2026-06-23 17:17:27] [INFO] [workflow] [Workflow] pushProgress: task=20260623171724.996_f7cf3c51 step=VisionAnalyzeSkill progress=26
[2026-06-23 17:17:28] [INFO] [workflow] [Workflow] pushProgress: task=20260623171724.996_f7cf3c51 step=VisionAnalyzeSkill progress=29
[2026-06-23 17:17:28] [INFO] [workflow] [Workflow] pushProgress: task=20260623171724.996_f7cf3c51 step=VisionAnalyzeSkill progress=32
[2026-06-23 17:17:28] [INFO] [workflow] [Workflow] pushProgress: task=20260623171724.996_f7cf3c51 step=VisionAnalyzeSkill progress=35
[2026-06-23 17:17:31] [INFO] [workflow] [Workflow] step 2/6 完成, DSL: {
  "page_name": "服饰穿搭展示页",
  "layout": "单列垂直居中展示布局",
  "components": [
    "人物主体图像组件",
    "背景环境组件（含装饰元素）",
    "左侧竖排文字标签组件（红色底金色字）"
  ]
}
[2026-06-23 17:17:31] [INFO] [workflow] [Workflow] pushProgress: task=20260623171724.996_f7cf3c51 step=VisionAnalyzeSkill progress=38
[2026-06-23 17:17:32] [INFO] [workflow] [Workflow] pushProgress: task=20260623171724.996_f7cf3c51 step=VisionAnalyzeSkill progress=41
[2026-06-23 17:17:32] [INFO] [workflow] [Workflow] pushProgress: task=20260623171724.996_f7cf3c51 step=VisionAnalyzeSkill progress=44
[2026-06-23 17:17:32] [INFO] [workflow] [Workflow] pushProgress: task=20260623171724.996_f7cf3c51 step=VisionAnalyzeSkill progress=47
[2026-06-23 17:17:32] [INFO] [workflow] [Workflow] pushProgress: task=20260623171724.996_f7cf3c51 step=VisionAnalyzeSkill progress=50
[2026-06-23 17:17:32] [INFO] [workflow] [Workflow] pushProgress: task=20260623171724.996_f7cf3c51 step=ReactGenerateSkill progress=50
[2026-06-23 17:17:32] [INFO] [workflow] [Workflow] step 3/6: 代码生成 (ReactGenerateSkill)...
[2026-06-23 17:17:32] [INFO] [workflow] [Workflow] pushProgress: task=20260623171724.996_f7cf3c51 step=ReactGenerateSkill progress=53
[2026-06-23 17:17:33] [INFO] [workflow] [Workflow] pushProgress: task=20260623171724.996_f7cf3c51 step=ReactGenerateSkill progress=56
[2026-06-23 17:17:33] [INFO] [workflow] [Workflow] pushProgress: task=20260623171724.996_f7cf3c51 step=ReactGenerateSkill progress=59
[2026-06-23 17:17:33] [INFO] [workflow] [Workflow] pushProgress: task=20260623171724.996_f7cf3c51 step=ReactGenerateSkill progress=62
[2026-06-23 17:17:33] [INFO] [workflow] [Workflow] pushProgress: task=20260623171724.996_f7cf3c51 step=ReactGenerateSkill progress=65
[2026-06-23 17:17:55] [INFO] [workflow] [Workflow] step 3/6 完成, code=2981 chars
[2026-06-23 17:17:58] [INFO] [workflow] [Workflow] pushProgress: task=20260623171724.996_f7cf3c51 step=ReactGenerateSkill progress=68
[2026-06-23 17:17:58] [INFO] [workflow] [Workflow] pushProgress: task=20260623171724.996_f7cf3c51 step=ReactGenerateSkill progress=71
[2026-06-23 17:17:58] [INFO] [workflow] [Workflow] pushProgress: task=20260623171724.996_f7cf3c51 step=ReactGenerateSkill progress=74
[2026-06-23 17:17:58] [INFO] [workflow] [Workflow] pushProgress: task=20260623171724.996_f7cf3c51 step=ReactGenerateSkill progress=75
[2026-06-23 17:17:58] [INFO] [workflow] [Workflow] pushProgress: task=20260623171724.996_f7cf3c51 step=CodeToHtmlSkill progress=75
[2026-06-23 17:17:58] [INFO] [workflow] [Workflow] step 4/6: 代码转 HTML 预览 (CodeToHtmlSkill)...
[2026-06-23 17:18:20] [INFO] [workflow] [Workflow] pushProgress: task=20260623171724.996_f7cf3c51 step=CodeToHtmlSkill progress=78
[2026-06-23 17:18:20] [INFO] [workflow] [Workflow] pushProgress: task=20260623171724.996_f7cf3c51 step=CodeToHtmlSkill progress=81
[2026-06-23 17:18:21] [INFO] [workflow] [Workflow] pushProgress: task=20260623171724.996_f7cf3c51 step=CodeToHtmlSkill progress=84
[2026-06-23 17:18:21] [INFO] [workflow] [Workflow] pushProgress: task=20260623171724.996_f7cf3c51 step=CodeToHtmlSkill progress=85
[2026-06-23 17:18:21] [INFO] [workflow] [Workflow] pushProgress: task=20260623171724.996_f7cf3c51 step=SaveResult progress=85
[2026-06-23 17:18:21] [INFO] [workflow] [Workflow] step 5/6: 保存结果...
[2026-06-23 17:18:21] [INFO] [workflow] [Workflow] pushProgress: task=20260623171724.996_f7cf3c51 step=SaveResult progress=88
[2026-06-23 17:18:21] [INFO] [workflow] [Workflow] pushProgress: task=20260623171724.996_f7cf3c51 step=SaveResult progress=91
[2026-06-23 17:18:21] [INFO] [workflow] [Workflow] pushProgress: task=20260623171724.996_f7cf3c51 step=SaveResult progress=94
[2026-06-23 17:18:21] [INFO] [workflow] [Workflow] pushProgress: task=20260623171724.996_f7cf3c51 step=SaveResult progress=95
[2026-06-23 17:18:21] [INFO] [workflow] [Workflow] pushProgress: task=20260623171724.996_f7cf3c51 step=Done progress=100
[2026-06-23 17:18:21] [INFO] [workflow] [Workflow] 任务完成: 20260623171724.996_f7cf3c51
[2026-06-23 17:27:13] [INFO] [workflow] [Workflow] 开始执行任务: 20260623172713.165_0c345d6f, target=flutter
[2026-06-23 17:27:13] [INFO] [workflow] [Workflow] pushProgress: task=20260623172713.165_0c345d6f step=PrepareImages progress=5
[2026-06-23 17:27:13] [INFO] [workflow] [Workflow] step 1/6: 准备图片 (1 张)...
[2026-06-23 17:27:13] [INFO] [workflow] [Workflow]   图片[0]: https://upload-image-1301638170.cos.ap-guangzhou.myqcloud.com/uploads/2026/06/23/1782206831252102500.jpg
[2026-06-23 17:27:13] [INFO] [workflow] [Workflow]   图片[0] base64 转换完成: 31211 bytes
[2026-06-23 17:27:13] [INFO] [workflow] [Workflow] pushProgress: task=20260623172713.165_0c345d6f step=PrepareImages progress=8
[2026-06-23 17:27:14] [INFO] [workflow] [Workflow] pushProgress: task=20260623172713.165_0c345d6f step=PrepareImages progress=11
[2026-06-23 17:27:15] [INFO] [workflow] [Workflow] pushProgress: task=20260623172713.165_0c345d6f step=PrepareImages progress=14
[2026-06-23 17:27:15] [INFO] [workflow] [Workflow] pushProgress: task=20260623172713.165_0c345d6f step=PrepareImages progress=17
[2026-06-23 17:27:15] [INFO] [workflow] [Workflow] pushProgress: task=20260623172713.165_0c345d6f step=PrepareImages progress=20
[2026-06-23 17:27:15] [INFO] [workflow] [Workflow] pushProgress: task=20260623172713.165_0c345d6f step=VisionAnalyzeSkill progress=20
[2026-06-23 17:27:15] [INFO] [workflow] [Workflow] step 2/6: 视觉分析 (VisionAnalyzeSkill)...
[2026-06-23 17:27:16] [INFO] [workflow] [Workflow] pushProgress: task=20260623172713.165_0c345d6f step=VisionAnalyzeSkill progress=23
[2026-06-23 17:27:16] [INFO] [workflow] [Workflow] pushProgress: task=20260623172713.165_0c345d6f step=VisionAnalyzeSkill progress=26
[2026-06-23 17:27:17] [INFO] [workflow] [Workflow] pushProgress: task=20260623172713.165_0c345d6f step=VisionAnalyzeSkill progress=29
[2026-06-23 17:27:17] [INFO] [workflow] [Workflow] pushProgress: task=20260623172713.165_0c345d6f step=VisionAnalyzeSkill progress=32
[2026-06-23 17:27:17] [INFO] [workflow] [Workflow] pushProgress: task=20260623172713.165_0c345d6f step=VisionAnalyzeSkill progress=35
[2026-06-23 17:27:20] [INFO] [workflow] [Workflow] step 2/6 完成, DSL: {
  "page_name": "时尚穿搭展示页",
  "layout": "单列垂直居中内容布局",
  "components": [
    "人物主体图像组件",
    "背景环境组件（砖墙与台阶）",
    "服装细节展示区域（风衣、内搭T恤、叠穿层次、裤装）"
  ]
}
[2026-06-23 17:27:20] [INFO] [workflow] [Workflow] pushProgress: task=20260623172713.165_0c345d6f step=VisionAnalyzeSkill progress=38
[2026-06-23 17:27:20] [INFO] [workflow] [Workflow] pushProgress: task=20260623172713.165_0c345d6f step=VisionAnalyzeSkill progress=41
[2026-06-23 17:27:20] [INFO] [workflow] [Workflow] pushProgress: task=20260623172713.165_0c345d6f step=VisionAnalyzeSkill progress=44
[2026-06-23 17:27:21] [INFO] [workflow] [Workflow] pushProgress: task=20260623172713.165_0c345d6f step=VisionAnalyzeSkill progress=47
[2026-06-23 17:27:21] [INFO] [workflow] [Workflow] pushProgress: task=20260623172713.165_0c345d6f step=VisionAnalyzeSkill progress=50
[2026-06-23 17:27:21] [INFO] [workflow] [Workflow] pushProgress: task=20260623172713.165_0c345d6f step=FlutterGenerateSkill progress=50
[2026-06-23 17:27:21] [INFO] [workflow] [Workflow] step 3/6: 代码生成 (FlutterGenerateSkill)...
[2026-06-23 17:27:21] [INFO] [workflow] [Workflow] pushProgress: task=20260623172713.165_0c345d6f step=FlutterGenerateSkill progress=53
[2026-06-23 17:27:21] [INFO] [workflow] [Workflow] pushProgress: task=20260623172713.165_0c345d6f step=FlutterGenerateSkill progress=56
[2026-06-23 17:27:22] [INFO] [workflow] [Workflow] pushProgress: task=20260623172713.165_0c345d6f step=FlutterGenerateSkill progress=59
[2026-06-23 17:27:22] [INFO] [workflow] [Workflow] pushProgress: task=20260623172713.165_0c345d6f step=FlutterGenerateSkill progress=62
[2026-06-23 17:27:22] [INFO] [workflow] [Workflow] pushProgress: task=20260623172713.165_0c345d6f step=FlutterGenerateSkill progress=65
[2026-06-23 17:27:47] [INFO] [workflow] [Workflow] step 3/6 完成, code=9620 chars
[2026-06-23 17:27:53] [INFO] [workflow] [Workflow] pushProgress: task=20260623172713.165_0c345d6f step=FlutterGenerateSkill progress=68
[2026-06-23 17:27:54] [INFO] [workflow] [Workflow] pushProgress: task=20260623172713.165_0c345d6f step=FlutterGenerateSkill progress=71
[2026-06-23 17:27:54] [INFO] [workflow] [Workflow] pushProgress: task=20260623172713.165_0c345d6f step=FlutterGenerateSkill progress=74
[2026-06-23 17:27:54] [INFO] [workflow] [Workflow] pushProgress: task=20260623172713.165_0c345d6f step=FlutterGenerateSkill progress=75
[2026-06-23 17:27:54] [INFO] [workflow] [Workflow] pushProgress: task=20260623172713.165_0c345d6f step=CodeToHtmlSkill progress=75
[2026-06-23 17:27:54] [INFO] [workflow] [Workflow] step 4/6: 代码转 HTML 预览 (CodeToHtmlSkill)...
[2026-06-23 17:29:20] [INFO] [workflow] [Workflow] pushProgress: task=20260623172713.165_0c345d6f step=CodeToHtmlSkill progress=78
[2026-06-23 17:29:20] [INFO] [workflow] [Workflow] pushProgress: task=20260623172713.165_0c345d6f step=CodeToHtmlSkill progress=81
[2026-06-23 17:29:21] [INFO] [workflow] [Workflow] pushProgress: task=20260623172713.165_0c345d6f step=CodeToHtmlSkill progress=84
[2026-06-23 17:29:21] [INFO] [workflow] [Workflow] pushProgress: task=20260623172713.165_0c345d6f step=CodeToHtmlSkill progress=85
[2026-06-23 17:29:21] [INFO] [workflow] [Workflow] pushProgress: task=20260623172713.165_0c345d6f step=SaveResult progress=85
[2026-06-23 17:29:21] [INFO] [workflow] [Workflow] step 5/6: 保存结果...
[2026-06-23 17:29:21] [INFO] [workflow] [Workflow] pushProgress: task=20260623172713.165_0c345d6f step=SaveResult progress=88
[2026-06-23 17:29:21] [INFO] [workflow] [Workflow] pushProgress: task=20260623172713.165_0c345d6f step=SaveResult progress=91
[2026-06-23 17:29:21] [INFO] [workflow] [Workflow] pushProgress: task=20260623172713.165_0c345d6f step=SaveResult progress=94
[2026-06-23 17:29:21] [INFO] [workflow] [Workflow] pushProgress: task=20260623172713.165_0c345d6f step=SaveResult progress=95
[2026-06-23 17:29:22] [INFO] [workflow] [Workflow] pushProgress: task=20260623172713.165_0c345d6f step=Done progress=100
[2026-06-23 17:29:22] [INFO] [workflow] [Workflow] 任务完成: 20260623172713.165_0c345d6f
[2026-06-23 17:33:02] [INFO] [workflow] [Workflow] 开始执行任务: 20260623173302.123_ce5d0b58, target=flutter
[2026-06-23 17:33:02] [INFO] [workflow] [Workflow] pushProgress: task=20260623173302.123_ce5d0b58 step=PrepareImages progress=5
[2026-06-23 17:33:02] [INFO] [workflow] [Workflow] step 1/6: 准备图片 (1 张)...
[2026-06-23 17:33:02] [INFO] [workflow] [Workflow]   图片[0]: https://upload-image-1301638170.cos.ap-guangzhou.myqcloud.com/uploads/2026/06/23/1782207181037546800.png
[2026-06-23 17:33:02] [INFO] [workflow] [Workflow]   图片[0] base64 转换完成: 33934 bytes
[2026-06-23 17:33:02] [INFO] [workflow] [Workflow] pushProgress: task=20260623173302.123_ce5d0b58 step=PrepareImages progress=8
[2026-06-23 17:33:03] [INFO] [workflow] [Workflow] pushProgress: task=20260623173302.123_ce5d0b58 step=PrepareImages progress=11
[2026-06-23 17:33:04] [INFO] [workflow] [Workflow] pushProgress: task=20260623173302.123_ce5d0b58 step=PrepareImages progress=14
[2026-06-23 17:33:04] [INFO] [workflow] [Workflow] pushProgress: task=20260623173302.123_ce5d0b58 step=PrepareImages progress=17
[2026-06-23 17:33:04] [INFO] [workflow] [Workflow] pushProgress: task=20260623173302.123_ce5d0b58 step=PrepareImages progress=20
[2026-06-23 17:33:04] [INFO] [workflow] [Workflow] pushProgress: task=20260623173302.123_ce5d0b58 step=VisionAnalyzeSkill progress=20
[2026-06-23 17:33:04] [INFO] [workflow] [Workflow] step 2/6: 视觉分析 (VisionAnalyzeSkill)...
[2026-06-23 17:33:05] [INFO] [workflow] [Workflow] pushProgress: task=20260623173302.123_ce5d0b58 step=VisionAnalyzeSkill progress=23
[2026-06-23 17:33:05] [INFO] [workflow] [Workflow] pushProgress: task=20260623173302.123_ce5d0b58 step=VisionAnalyzeSkill progress=26
[2026-06-23 17:33:06] [INFO] [workflow] [Workflow] pushProgress: task=20260623173302.123_ce5d0b58 step=VisionAnalyzeSkill progress=29
[2026-06-23 17:33:06] [INFO] [workflow] [Workflow] pushProgress: task=20260623173302.123_ce5d0b58 step=VisionAnalyzeSkill progress=32
[2026-06-23 17:33:06] [INFO] [workflow] [Workflow] pushProgress: task=20260623173302.123_ce5d0b58 step=VisionAnalyzeSkill progress=35
[2026-06-23 17:33:08] [INFO] [workflow] [Workflow] step 2/6 完成, DSL: {
  "page_name": "Doraemon Character Display",
  "layout": "Single-Component Centered Layout",
  "components": [
    "Character Illustration (Doraemon)",
    "Background Grid Pattern"
  ]
}
[2026-06-23 17:33:09] [INFO] [workflow] [Workflow] pushProgress: task=20260623173302.123_ce5d0b58 step=VisionAnalyzeSkill progress=38
[2026-06-23 17:33:09] [INFO] [workflow] [Workflow] pushProgress: task=20260623173302.123_ce5d0b58 step=VisionAnalyzeSkill progress=41
[2026-06-23 17:33:09] [INFO] [workflow] [Workflow] pushProgress: task=20260623173302.123_ce5d0b58 step=VisionAnalyzeSkill progress=44
[2026-06-23 17:33:09] [INFO] [workflow] [Workflow] pushProgress: task=20260623173302.123_ce5d0b58 step=VisionAnalyzeSkill progress=47
[2026-06-23 17:33:09] [INFO] [workflow] [Workflow] pushProgress: task=20260623173302.123_ce5d0b58 step=VisionAnalyzeSkill progress=50
[2026-06-23 17:33:09] [INFO] [workflow] [Workflow] pushProgress: task=20260623173302.123_ce5d0b58 step=FlutterGenerateSkill progress=50
[2026-06-23 17:33:09] [INFO] [workflow] [Workflow] step 3/6: 代码生成 (FlutterGenerateSkill)...
[2026-06-23 17:33:09] [INFO] [workflow] [Workflow] pushProgress: task=20260623173302.123_ce5d0b58 step=FlutterGenerateSkill progress=53
[2026-06-23 17:33:10] [INFO] [workflow] [Workflow] pushProgress: task=20260623173302.123_ce5d0b58 step=FlutterGenerateSkill progress=56
[2026-06-23 17:33:10] [INFO] [workflow] [Workflow] pushProgress: task=20260623173302.123_ce5d0b58 step=FlutterGenerateSkill progress=59
[2026-06-23 17:33:10] [INFO] [workflow] [Workflow] pushProgress: task=20260623173302.123_ce5d0b58 step=FlutterGenerateSkill progress=62
[2026-06-23 17:33:10] [INFO] [workflow] [Workflow] pushProgress: task=20260623173302.123_ce5d0b58 step=FlutterGenerateSkill progress=65
[2026-06-23 17:33:28] [INFO] [workflow] [Workflow] step 3/6 完成, code=6771 chars
[2026-06-23 17:33:33] [INFO] [workflow] [Workflow] pushProgress: task=20260623173302.123_ce5d0b58 step=FlutterGenerateSkill progress=68
[2026-06-23 17:33:33] [INFO] [workflow] [Workflow] pushProgress: task=20260623173302.123_ce5d0b58 step=FlutterGenerateSkill progress=71
[2026-06-23 17:33:33] [INFO] [workflow] [Workflow] pushProgress: task=20260623173302.123_ce5d0b58 step=FlutterGenerateSkill progress=74
[2026-06-23 17:33:33] [INFO] [workflow] [Workflow] pushProgress: task=20260623173302.123_ce5d0b58 step=FlutterGenerateSkill progress=75
[2026-06-23 17:33:33] [INFO] [workflow] [Workflow] pushProgress: task=20260623173302.123_ce5d0b58 step=CodeToHtmlSkill progress=75
[2026-06-23 17:33:33] [INFO] [workflow] [Workflow] step 4/6: 代码转 HTML 预览 (CodeToHtmlSkill)...
[2026-06-23 17:34:55] [INFO] [workflow] [Workflow] pushProgress: task=20260623173302.123_ce5d0b58 step=CodeToHtmlSkill progress=78
[2026-06-23 17:34:55] [INFO] [workflow] [Workflow] pushProgress: task=20260623173302.123_ce5d0b58 step=CodeToHtmlSkill progress=81
[2026-06-23 17:34:55] [INFO] [workflow] [Workflow] pushProgress: task=20260623173302.123_ce5d0b58 step=CodeToHtmlSkill progress=84
[2026-06-23 17:34:55] [INFO] [workflow] [Workflow] pushProgress: task=20260623173302.123_ce5d0b58 step=CodeToHtmlSkill progress=85
[2026-06-23 17:34:55] [INFO] [workflow] [Workflow] pushProgress: task=20260623173302.123_ce5d0b58 step=SaveResult progress=85
[2026-06-23 17:34:55] [INFO] [workflow] [Workflow] step 5/6: 保存结果...
[2026-06-23 17:34:55] [INFO] [workflow] [Workflow] pushProgress: task=20260623173302.123_ce5d0b58 step=SaveResult progress=88
[2026-06-23 17:34:55] [INFO] [workflow] [Workflow] pushProgress: task=20260623173302.123_ce5d0b58 step=SaveResult progress=91
[2026-06-23 17:34:56] [INFO] [workflow] [Workflow] pushProgress: task=20260623173302.123_ce5d0b58 step=SaveResult progress=94
[2026-06-23 17:34:56] [INFO] [workflow] [Workflow] pushProgress: task=20260623173302.123_ce5d0b58 step=SaveResult progress=95
[2026-06-23 17:34:56] [INFO] [workflow] [Workflow] pushProgress: task=20260623173302.123_ce5d0b58 step=Done progress=100
[2026-06-23 17:34:56] [INFO] [workflow] [Workflow] 任务完成: 20260623173302.123_ce5d0b58
[2026-06-23 17:38:16] [INFO] [workflow] [Workflow] 开始执行任务: 20260623173816.298_15ef8fff, target=flutter
[2026-06-23 17:38:16] [INFO] [workflow] [Workflow] pushProgress: task=20260623173816.298_15ef8fff step=PrepareImages progress=5
[2026-06-23 17:38:16] [INFO] [workflow] [Workflow] step 1/6: 准备图片 (1 张)...
[2026-06-23 17:38:16] [INFO] [workflow] [Workflow]   图片[0]: https://upload-image-1301638170.cos.ap-guangzhou.myqcloud.com/uploads/2026/06/23/1782207491979024400.jpg
[2026-06-23 17:38:16] [INFO] [workflow] [Workflow]   图片[0] base64 转换完成: 31211 bytes
[2026-06-23 17:38:17] [INFO] [workflow] [Workflow] pushProgress: task=20260623173816.298_15ef8fff step=PrepareImages progress=8
[2026-06-23 17:38:17] [INFO] [workflow] [Workflow] pushProgress: task=20260623173816.298_15ef8fff step=PrepareImages progress=11
[2026-06-23 17:38:18] [INFO] [workflow] [Workflow] pushProgress: task=20260623173816.298_15ef8fff step=PrepareImages progress=14
[2026-06-23 17:38:18] [INFO] [workflow] [Workflow] pushProgress: task=20260623173816.298_15ef8fff step=PrepareImages progress=17
[2026-06-23 17:38:18] [INFO] [workflow] [Workflow] pushProgress: task=20260623173816.298_15ef8fff step=PrepareImages progress=20
[2026-06-23 17:38:18] [INFO] [workflow] [Workflow] pushProgress: task=20260623173816.298_15ef8fff step=VisionAnalyzeSkill progress=20
[2026-06-23 17:38:18] [INFO] [workflow] [Workflow] step 2/6: 视觉分析 (VisionAnalyzeSkill)...
[2026-06-23 17:38:19] [INFO] [workflow] [Workflow] pushProgress: task=20260623173816.298_15ef8fff step=VisionAnalyzeSkill progress=23
[2026-06-23 17:38:19] [INFO] [workflow] [Workflow] pushProgress: task=20260623173816.298_15ef8fff step=VisionAnalyzeSkill progress=26
[2026-06-23 17:38:19] [INFO] [workflow] [Workflow] pushProgress: task=20260623173816.298_15ef8fff step=VisionAnalyzeSkill progress=29
[2026-06-23 17:38:20] [INFO] [workflow] [Workflow] pushProgress: task=20260623173816.298_15ef8fff step=VisionAnalyzeSkill progress=32
[2026-06-23 17:38:20] [INFO] [workflow] [Workflow] pushProgress: task=20260623173816.298_15ef8fff step=VisionAnalyzeSkill progress=35
[2026-06-23 17:38:23] [INFO] [workflow] [Workflow] step 2/6 完成, DSL: {
  "page_name": "时尚穿搭展示页",
  "layout": "单列垂直布局（主体为居中人物特写，背景为环境衬托）",
  "components": [
    "人物主体图像组件",
    "服装细节展示组件（风衣、内搭T恤、叠穿层次、裤装）",
    "背景环境组件（砖墙、台阶）",
    "风格氛围渲染组件（自然光、材质纹理、色彩搭配）"
  ]
}
[2026-06-23 17:38:23] [INFO] [workflow] [Workflow] pushProgress: task=20260623173816.298_15ef8fff step=VisionAnalyzeSkill progress=38
[2026-06-23 17:38:24] [INFO] [workflow] [Workflow] pushProgress: task=20260623173816.298_15ef8fff step=VisionAnalyzeSkill progress=41
[2026-06-23 17:38:24] [INFO] [workflow] [Workflow] pushProgress: task=20260623173816.298_15ef8fff step=VisionAnalyzeSkill progress=44
[2026-06-23 17:38:24] [INFO] [workflow] [Workflow] pushProgress: task=20260623173816.298_15ef8fff step=VisionAnalyzeSkill progress=47
[2026-06-23 17:38:24] [INFO] [workflow] [Workflow] pushProgress: task=20260623173816.298_15ef8fff step=VisionAnalyzeSkill progress=50
[2026-06-23 17:38:24] [INFO] [workflow] [Workflow] pushProgress: task=20260623173816.298_15ef8fff step=FlutterGenerateSkill progress=50
[2026-06-23 17:38:24] [INFO] [workflow] [Workflow] step 3/6: 代码生成 (FlutterGenerateSkill)...
[2026-06-23 17:38:24] [INFO] [workflow] [Workflow] pushProgress: task=20260623173816.298_15ef8fff step=FlutterGenerateSkill progress=53
[2026-06-23 17:38:25] [INFO] [workflow] [Workflow] pushProgress: task=20260623173816.298_15ef8fff step=FlutterGenerateSkill progress=56
[2026-06-23 17:38:25] [INFO] [workflow] [Workflow] pushProgress: task=20260623173816.298_15ef8fff step=FlutterGenerateSkill progress=59
[2026-06-23 17:38:25] [INFO] [workflow] [Workflow] pushProgress: task=20260623173816.298_15ef8fff step=FlutterGenerateSkill progress=62
[2026-06-23 17:38:25] [INFO] [workflow] [Workflow] pushProgress: task=20260623173816.298_15ef8fff step=FlutterGenerateSkill progress=65
[2026-06-23 17:38:54] [INFO] [workflow] [Workflow] step 3/6 完成, code=13069 chars
[2026-06-23 17:39:03] [INFO] [workflow] [Workflow] pushProgress: task=20260623173816.298_15ef8fff step=FlutterGenerateSkill progress=68
[2026-06-23 17:39:03] [INFO] [workflow] [Workflow] pushProgress: task=20260623173816.298_15ef8fff step=FlutterGenerateSkill progress=71
[2026-06-23 17:39:03] [INFO] [workflow] [Workflow] pushProgress: task=20260623173816.298_15ef8fff step=FlutterGenerateSkill progress=74
[2026-06-23 17:39:03] [INFO] [workflow] [Workflow] pushProgress: task=20260623173816.298_15ef8fff step=FlutterGenerateSkill progress=75
[2026-06-23 17:39:03] [INFO] [workflow] [Workflow] pushProgress: task=20260623173816.298_15ef8fff step=CodeToHtmlSkill progress=75
[2026-06-23 17:39:03] [INFO] [workflow] [Workflow] step 4/6: 代码转 HTML 预览 (CodeToHtmlSkill)...
[2026-06-23 17:40:04] [INFO] [workflow] [Workflow] pushProgress: task=20260623173816.298_15ef8fff step=CodeToHtmlSkill progress=78
[2026-06-23 17:40:04] [INFO] [workflow] [Workflow] pushProgress: task=20260623173816.298_15ef8fff step=CodeToHtmlSkill progress=81
[2026-06-23 17:40:04] [INFO] [workflow] [Workflow] pushProgress: task=20260623173816.298_15ef8fff step=CodeToHtmlSkill progress=84
[2026-06-23 17:40:04] [INFO] [workflow] [Workflow] pushProgress: task=20260623173816.298_15ef8fff step=CodeToHtmlSkill progress=85
[2026-06-23 17:40:04] [INFO] [workflow] [Workflow] pushProgress: task=20260623173816.298_15ef8fff step=SaveResult progress=85
[2026-06-23 17:40:04] [INFO] [workflow] [Workflow] step 5/6: 保存结果...
[2026-06-23 17:40:04] [INFO] [workflow] [Workflow] pushProgress: task=20260623173816.298_15ef8fff step=SaveResult progress=88
[2026-06-23 17:40:04] [INFO] [workflow] [Workflow] pushProgress: task=20260623173816.298_15ef8fff step=SaveResult progress=91
[2026-06-23 17:40:05] [INFO] [workflow] [Workflow] pushProgress: task=20260623173816.298_15ef8fff step=SaveResult progress=94
[2026-06-23 17:40:05] [INFO] [workflow] [Workflow] pushProgress: task=20260623173816.298_15ef8fff step=SaveResult progress=95
[2026-06-23 17:40:05] [INFO] [workflow] [Workflow] pushProgress: task=20260623173816.298_15ef8fff step=Done progress=100
[2026-06-23 17:40:05] [INFO] [workflow] [Workflow] 任务完成: 20260623173816.298_15ef8fff
[2026-06-23 17:48:37] [INFO] [workflow] [Workflow] 开始执行任务: 20260623174837.948_42ad1488, target=flutter
[2026-06-23 17:48:38] [INFO] [workflow] [Workflow] pushProgress: task=20260623174837.948_42ad1488 step=PrepareImages progress=5
[2026-06-23 17:48:38] [INFO] [workflow] [Workflow] step 1/6: 准备图片 (1 张)...
[2026-06-23 17:48:38] [INFO] [workflow] [Workflow]   图片[0]: https://upload-image-1301638170.cos.ap-guangzhou.myqcloud.com/uploads/2026/06/23/1782207491979024400.jpg
[2026-06-23 17:48:38] [INFO] [workflow] [Workflow]   图片[0] base64 转换完成: 31211 bytes
[2026-06-23 17:48:38] [INFO] [workflow] [Workflow] pushProgress: task=20260623174837.948_42ad1488 step=PrepareImages progress=8
[2026-06-23 17:48:39] [INFO] [workflow] [Workflow] pushProgress: task=20260623174837.948_42ad1488 step=PrepareImages progress=11
[2026-06-23 17:48:39] [INFO] [workflow] [Workflow] pushProgress: task=20260623174837.948_42ad1488 step=PrepareImages progress=14
[2026-06-23 17:48:40] [INFO] [workflow] [Workflow] pushProgress: task=20260623174837.948_42ad1488 step=PrepareImages progress=17
[2026-06-23 17:48:40] [INFO] [workflow] [Workflow] pushProgress: task=20260623174837.948_42ad1488 step=PrepareImages progress=20
[2026-06-23 17:48:40] [INFO] [workflow] [Workflow] pushProgress: task=20260623174837.948_42ad1488 step=VisionAnalyzeSkill progress=20
[2026-06-23 17:48:40] [INFO] [workflow] [Workflow] step 2/6: 视觉分析 (VisionAnalyzeSkill)...
[2026-06-23 17:48:40] [INFO] [workflow] [Workflow] pushProgress: task=20260623174837.948_42ad1488 step=VisionAnalyzeSkill progress=23
[2026-06-23 17:48:40] [INFO] [workflow] [Workflow] pushProgress: task=20260623174837.948_42ad1488 step=VisionAnalyzeSkill progress=26
[2026-06-23 17:48:41] [INFO] [workflow] [Workflow] pushProgress: task=20260623174837.948_42ad1488 step=VisionAnalyzeSkill progress=29
[2026-06-23 17:48:41] [INFO] [workflow] [Workflow] pushProgress: task=20260623174837.948_42ad1488 step=VisionAnalyzeSkill progress=32
[2026-06-23 17:48:41] [INFO] [workflow] [Workflow] pushProgress: task=20260623174837.948_42ad1488 step=VisionAnalyzeSkill progress=35
[2026-06-23 17:48:45] [INFO] [workflow] [Workflow] step 2/6 完成, DSL: {
  "page_name": "时尚穿搭展示页",
  "layout": "单列垂直布局（主体为居中人物特写，背景为环境衬托）",
  "components": [
    "人物主体图像组件",
    "服装细节展示组件（风衣、内搭T恤、叠穿层次、裤装）",
    "背景环境组件（砖墙、台阶）",
    "风格氛围渲染组件（自然光、材质纹理、色彩搭配）"
  ]
}
[2026-06-23 17:48:45] [INFO] [workflow] [Workflow] pushProgress: task=20260623174837.948_42ad1488 step=VisionAnalyzeSkill progress=38
[2026-06-23 17:48:45] [INFO] [workflow] [Workflow] pushProgress: task=20260623174837.948_42ad1488 step=VisionAnalyzeSkill progress=41
[2026-06-23 17:48:45] [INFO] [workflow] [Workflow] pushProgress: task=20260623174837.948_42ad1488 step=VisionAnalyzeSkill progress=44
[2026-06-23 17:48:46] [INFO] [workflow] [Workflow] pushProgress: task=20260623174837.948_42ad1488 step=VisionAnalyzeSkill progress=47
[2026-06-23 17:48:46] [INFO] [workflow] [Workflow] pushProgress: task=20260623174837.948_42ad1488 step=VisionAnalyzeSkill progress=50
[2026-06-23 17:48:46] [INFO] [workflow] [Workflow] pushProgress: task=20260623174837.948_42ad1488 step=FlutterGenerateSkill progress=50
[2026-06-23 17:48:46] [INFO] [workflow] [Workflow] step 3/6: 代码生成 (FlutterGenerateSkill)...
[2026-06-23 17:48:46] [INFO] [workflow] [Workflow] pushProgress: task=20260623174837.948_42ad1488 step=FlutterGenerateSkill progress=53
[2026-06-23 17:48:46] [INFO] [workflow] [Workflow] pushProgress: task=20260623174837.948_42ad1488 step=FlutterGenerateSkill progress=56
[2026-06-23 17:48:46] [INFO] [workflow] [Workflow] pushProgress: task=20260623174837.948_42ad1488 step=FlutterGenerateSkill progress=59
[2026-06-23 17:48:47] [INFO] [workflow] [Workflow] pushProgress: task=20260623174837.948_42ad1488 step=FlutterGenerateSkill progress=62
[2026-06-23 17:48:47] [INFO] [workflow] [Workflow] pushProgress: task=20260623174837.948_42ad1488 step=FlutterGenerateSkill progress=65
[2026-06-23 17:49:11] [INFO] [workflow] [Workflow] step 3/6 完成, code=5829 chars
[2026-06-23 17:49:19] [INFO] [workflow] [Workflow] pushProgress: task=20260623174837.948_42ad1488 step=FlutterGenerateSkill progress=68
[2026-06-23 17:49:19] [INFO] [workflow] [Workflow] pushProgress: task=20260623174837.948_42ad1488 step=FlutterGenerateSkill progress=71
[2026-06-23 17:49:19] [INFO] [workflow] [Workflow] pushProgress: task=20260623174837.948_42ad1488 step=FlutterGenerateSkill progress=74
[2026-06-23 17:49:19] [INFO] [workflow] [Workflow] pushProgress: task=20260623174837.948_42ad1488 step=FlutterGenerateSkill progress=75
[2026-06-23 17:49:19] [INFO] [workflow] [Workflow] pushProgress: task=20260623174837.948_42ad1488 step=CodeToHtmlSkill progress=75
[2026-06-23 17:49:19] [INFO] [workflow] [Workflow] step 4/6: 代码转 HTML 预览 (CodeToHtmlSkill)...
[2026-06-23 17:49:33] [INFO] [workflow] [Workflow] pushProgress: task=20260623174837.948_42ad1488 step=CodeToHtmlSkill progress=78
[2026-06-23 17:49:34] [INFO] [workflow] [Workflow] pushProgress: task=20260623174837.948_42ad1488 step=CodeToHtmlSkill progress=81
[2026-06-23 17:49:34] [INFO] [workflow] [Workflow] pushProgress: task=20260623174837.948_42ad1488 step=CodeToHtmlSkill progress=84
[2026-06-23 17:49:34] [INFO] [workflow] [Workflow] pushProgress: task=20260623174837.948_42ad1488 step=CodeToHtmlSkill progress=85
[2026-06-23 17:49:34] [INFO] [workflow] [Workflow] pushProgress: task=20260623174837.948_42ad1488 step=SaveResult progress=85
[2026-06-23 17:49:34] [INFO] [workflow] [Workflow] step 5/6: 保存结果...
[2026-06-23 17:49:34] [INFO] [workflow] [Workflow] pushProgress: task=20260623174837.948_42ad1488 step=SaveResult progress=88
[2026-06-23 17:49:34] [INFO] [workflow] [Workflow] pushProgress: task=20260623174837.948_42ad1488 step=SaveResult progress=91
[2026-06-23 17:49:35] [INFO] [workflow] [Workflow] pushProgress: task=20260623174837.948_42ad1488 step=SaveResult progress=94
[2026-06-23 17:49:35] [INFO] [workflow] [Workflow] pushProgress: task=20260623174837.948_42ad1488 step=SaveResult progress=95
[2026-06-23 17:49:35] [INFO] [workflow] [Workflow] pushProgress: task=20260623174837.948_42ad1488 step=Done progress=100
[2026-06-23 17:49:35] [INFO] [workflow] [Workflow] 任务完成: 20260623174837.948_42ad1488
[2026-06-23 17:54:29] [INFO] [workflow] [Workflow] 开始执行任务: 20260623175429.341_aa30d90d, target=flutter
[2026-06-23 17:54:29] [INFO] [workflow] [Workflow] pushProgress: task=20260623175429.341_aa30d90d step=PrepareImages progress=5
[2026-06-23 17:54:29] [INFO] [workflow] [Workflow] step 1/6: 准备图片 (3 张)...
[2026-06-23 17:54:29] [INFO] [workflow] [Workflow]   图片[0]: https://upload-image-1301638170.cos.ap-guangzhou.myqcloud.com/uploads/2026/06/23/1782208453321172900.jpg
[2026-06-23 17:54:29] [INFO] [workflow] [Workflow]   图片[0] base64 转换完成: 953751 bytes
[2026-06-23 17:54:29] [INFO] [workflow] [Workflow]   图片[1]: https://upload-image-1301638170.cos.ap-guangzhou.myqcloud.com/uploads/2026/06/23/1782208455338231400.jpg
[2026-06-23 17:54:29] [INFO] [workflow] [Workflow]   图片[1] base64 转换完成: 384375 bytes
[2026-06-23 17:54:29] [INFO] [workflow] [Workflow]   图片[2]: https://upload-image-1301638170.cos.ap-guangzhou.myqcloud.com/uploads/2026/06/23/1782208457476173800.jpg
[2026-06-23 17:54:29] [INFO] [workflow] [Workflow]   图片[2] base64 转换完成: 393935 bytes
[2026-06-23 17:54:30] [INFO] [workflow] [Workflow] pushProgress: task=20260623175429.341_aa30d90d step=PrepareImages progress=8
[2026-06-23 17:54:30] [INFO] [workflow] [Workflow] pushProgress: task=20260623175429.341_aa30d90d step=PrepareImages progress=11
[2026-06-23 17:54:31] [INFO] [workflow] [Workflow] pushProgress: task=20260623175429.341_aa30d90d step=PrepareImages progress=14
[2026-06-23 17:54:32] [INFO] [workflow] [Workflow] pushProgress: task=20260623175429.341_aa30d90d step=PrepareImages progress=17
[2026-06-23 17:54:32] [INFO] [workflow] [Workflow] pushProgress: task=20260623175429.341_aa30d90d step=PrepareImages progress=20
[2026-06-23 17:54:32] [INFO] [workflow] [Workflow] pushProgress: task=20260623175429.341_aa30d90d step=VisionAnalyzeSkill progress=20
[2026-06-23 17:54:32] [INFO] [workflow] [Workflow] step 2/6: 视觉分析 (VisionAnalyzeSkill)...
[2026-06-23 17:54:32] [INFO] [workflow] [Workflow] pushProgress: task=20260623175429.341_aa30d90d step=VisionAnalyzeSkill progress=23
[2026-06-23 17:54:33] [INFO] [workflow] [Workflow] pushProgress: task=20260623175429.341_aa30d90d step=VisionAnalyzeSkill progress=26
[2026-06-23 17:54:34] [INFO] [workflow] [Workflow] pushProgress: task=20260623175429.341_aa30d90d step=VisionAnalyzeSkill progress=29
[2026-06-23 17:54:35] [INFO] [workflow] [Workflow] pushProgress: task=20260623175429.341_aa30d90d step=VisionAnalyzeSkill progress=32
[2026-06-23 17:54:35] [INFO] [workflow] [Workflow] pushProgress: task=20260623175429.341_aa30d90d step=VisionAnalyzeSkill progress=35
[2026-06-23 18:21:02] [INFO] [workflow] [Workflow] 开始执行任务: 20260623182102.634_572bd3b1, target=flutter
[2026-06-23 18:21:02] [INFO] [workflow] [Workflow] pushProgress: task=20260623182102.634_572bd3b1 step=PrepareImages progress=5
[2026-06-23 18:21:02] [INFO] [workflow] [Workflow] step 1/6: 准备图片 (1 张)...
[2026-06-23 18:21:02] [INFO] [workflow] [Workflow]   图片[0]: https://upload-image-1301638170.cos.ap-guangzhou.myqcloud.com/uploads/2026/06/23/1782210058786810500.png
[2026-06-23 18:21:03] [INFO] [workflow] [Workflow]   图片[0] base64 转换完成: 33934 bytes
[2026-06-23 18:21:04] [INFO] [workflow] [Workflow] pushProgress: task=20260623182102.634_572bd3b1 step=VisionAnalyzeSkill progress=20
[2026-06-23 18:21:05] [INFO] [workflow] [Workflow] step 2/6: 视觉分析 (VisionAnalyzeSkill)...
[2026-06-23 18:21:10] [INFO] [workflow] [Workflow] step 2/6 完成, DSL: {
  "page_name": "哆啦A梦角色特写页面",
  "layout": "单主体居中构图，背景为网格状墙面，角色占据画面主要区域，底部有部分身体与道具露出",
  "components": [
    "角色头像（哆啦A梦）",
    "背景墙（灰白网格纹理）",
    "红色项圈（含铃铛）",
    "蓝色身体与手臂（部分可见）",
    "白色腹部区域（含口袋轮廓）"
  ]
}
[2026-06-23 18:21:11] [INFO] [workflow] [Workflow] pushProgress: task=20260623182102.634_572bd3b1 step=FlutterGenerateSkill progress=50
[2026-06-23 18:21:11] [INFO] [workflow] [Workflow] step 3/6: 代码生成 (FlutterGenerateSkill)...
[2026-06-23 18:21:46] [INFO] [workflow] [Workflow] step 3/6 完成, code=8168 chars
[2026-06-23 18:21:53] [INFO] [workflow] [Workflow] pushProgress: task=20260623182102.634_572bd3b1 step=CodeToHtmlSkill progress=75
[2026-06-23 18:21:53] [INFO] [workflow] [Workflow] step 4/6: 代码转 HTML 预览 (CodeToHtmlSkill)...
[2026-06-23 18:23:03] [INFO] [workflow] [Workflow] pushProgress: task=20260623182102.634_572bd3b1 step=SaveResult progress=85
[2026-06-23 18:23:03] [INFO] [workflow] [Workflow] step 5/6: 保存结果...
[2026-06-23 18:23:04] [INFO] [workflow] [Workflow] pushProgress: task=20260623182102.634_572bd3b1 step=Done progress=100
[2026-06-23 18:23:04] [INFO] [workflow] [Workflow] 任务完成: 20260623182102.634_572bd3b1
[2026-06-23 18:23:04] [INFO] [workflow] [Workflow] 开始执行任务: 20260623182303.685_fe6782d4, target=flutter
[2026-06-23 18:23:04] [INFO] [workflow] [Workflow] pushProgress: task=20260623182303.685_fe6782d4 step=PrepareImages progress=5
[2026-06-23 18:23:04] [INFO] [workflow] [Workflow] step 1/6: 准备图片 (1 张)...
[2026-06-23 18:23:04] [INFO] [workflow] [Workflow]   图片[0]: https://upload-image-1301638170.cos.ap-guangzhou.myqcloud.com/uploads/2026/06/23/1782210182610446000.png
[2026-06-23 18:23:04] [INFO] [workflow] [Workflow]   图片[0] base64 转换完成: 23558 bytes
[2026-06-23 18:23:06] [INFO] [workflow] [Workflow] pushProgress: task=20260623182303.685_fe6782d4 step=VisionAnalyzeSkill progress=20
[2026-06-23 18:23:06] [INFO] [workflow] [Workflow] step 2/6: 视觉分析 (VisionAnalyzeSkill)...
[2026-06-23 18:23:10] [INFO] [workflow] [Workflow] step 2/6 完成, DSL: {
  "page_name": "Top 10 Ranking Header",
  "layout": "Centered Vertical Stack",
  "components": [
    "Bold 3D-Style Text Label: 'TOP'",
    "Bold 3D-Style Text Label: '10'"
  ]
}
[2026-06-23 18:23:11] [INFO] [workflow] [Workflow] pushProgress: task=20260623182303.685_fe6782d4 step=FlutterGenerateSkill progress=50
[2026-06-23 18:23:11] [INFO] [workflow] [Workflow] step 3/6: 代码生成 (FlutterGenerateSkill)...
[2026-06-23 18:23:26] [INFO] [workflow] [Workflow] step 3/6 完成, code=1751 chars
[2026-06-23 18:23:29] [INFO] [workflow] [Workflow] pushProgress: task=20260623182303.685_fe6782d4 step=CodeToHtmlSkill progress=75
[2026-06-23 18:23:29] [INFO] [workflow] [Workflow] step 4/6: 代码转 HTML 预览 (CodeToHtmlSkill)...
[2026-06-23 18:23:41] [INFO] [workflow] [Workflow] pushProgress: task=20260623182303.685_fe6782d4 step=SaveResult progress=85
[2026-06-23 18:23:41] [INFO] [workflow] [Workflow] step 5/6: 保存结果...
[2026-06-23 18:23:41] [INFO] [workflow] [Workflow] pushProgress: task=20260623182303.685_fe6782d4 step=Done progress=100
[2026-06-23 18:23:41] [INFO] [workflow] [Workflow] 任务完成: 20260623182303.685_fe6782d4
